Component: ARM Compiler 5.06 update 4 (build 422) Tool: armlink [4d35d2]

==============================================================================

Section Cross References

    main.o(i.AD7606_Disp) refers to printf8.o(i.__0printf$8) for __2printf
    main.o(i.AD7606_Disp) refers to bsp_fmc_ad7606.o(.bss) for g_tAD7606
    main.o(i.AD7606_Disp) refers to main.o(.bss) for s_volt
    main.o(i.AD7606_Mak) refers to bsp_fmc_ad7606.o(.bss) for g_tAD7606
    main.o(i.AD7606_Mak) refers to main.o(.bss) for s_dat
    main.o(i.SampleDataDealing) refers to bsp_fmc_ad7606.o(.bss) for g_tAdcFifo
    main.o(i.SampleDataDealing) refers to main.o(.bss) for g_DataBuf
    main.o(i.main) refers to memcpya.o(.text) for __aeabi_memcpy4
    main.o(i.main) refers to bsp.o(i.bsp_Init) for bsp_Init
    main.o(i.main) refers to disp.o(i.PrintfLogo) for PrintfLogo
    main.o(i.main) refers to disp.o(i.PrintfHelp) for PrintfHelp
    main.o(i.main) refers to bsp_fmc_ad7606.o(i.AD7606_StartRecord) for AD7606_StartRecord
    main.o(i.main) refers to bsp_fmc_ad7606.o(i.AD7606_SetOS) for AD7606_SetOS
    main.o(i.main) refers to bsp_fmc_ad7606.o(i.AD7606_SetInputRange) for AD7606_SetInputRange
    main.o(i.main) refers to bsp_fmc_ad7606.o(i.AD7606_StartConvst) for AD7606_StartConvst
    main.o(i.main) refers to bsp_timer.o(i.bsp_StartAutoTimer) for bsp_StartAutoTimer
    main.o(i.main) refers to bsp.o(i.bsp_Idle) for bsp_Idle
    main.o(i.main) refers to main.o(i.AD7606_Mak) for AD7606_Mak
    main.o(i.main) refers to main.o(i.AD7606_Disp) for AD7606_Disp
    main.o(i.main) refers to bsp_timer.o(i.bsp_CheckTimer) for bsp_CheckTimer
    main.o(i.main) refers to bsp_fmc_ad7606.o(i.AD7606_ReadNowAdc) for AD7606_ReadNowAdc
    main.o(i.main) refers to bsp_key.o(i.bsp_GetKey) for bsp_GetKey
    main.o(i.main) refers to printf8.o(i.__0printf$8) for __2printf
    main.o(i.main) refers to bsp_fmc_ad7606.o(i.AD7606_StopRecord) for AD7606_StopRecord
    main.o(i.main) refers to bsp_fmc_ad7606.o(.bss) for g_tAD7606
    bsp.o(i.SystemClock_Config) refers to stm32f4xx_hal_rcc.o(i.HAL_RCC_OscConfig) for HAL_RCC_OscConfig
    bsp.o(i.SystemClock_Config) refers to bsp.o(i.Error_Handler) for Error_Handler
    bsp.o(i.SystemClock_Config) refers to stm32f4xx_hal_rcc.o(i.HAL_RCC_ClockConfig) for HAL_RCC_ClockConfig
    bsp.o(i.SystemClock_Config) refers to stm32f4xx_hal.o(i.HAL_EnableCompensationCell) for HAL_EnableCompensationCell
    bsp.o(i.bsp_Init) refers to stm32f4xx_hal.o(i.HAL_Init) for HAL_Init
    bsp.o(i.bsp_Init) refers to bsp.o(i.SystemClock_Config) for SystemClock_Config
    bsp.o(i.bsp_Init) refers to bsp_key.o(i.bsp_InitKey) for bsp_InitKey
    bsp.o(i.bsp_Init) refers to bsp_timer.o(i.bsp_InitTimer) for bsp_InitTimer
    bsp.o(i.bsp_Init) refers to bsp_uart_fifo.o(i.bsp_InitUart) for bsp_InitUart
    bsp.o(i.bsp_Init) refers to bsp_fmc_io.o(i.bsp_InitExtIO) for bsp_InitExtIO
    bsp.o(i.bsp_Init) refers to bsp_led.o(i.bsp_InitLed) for bsp_InitLed
    bsp.o(i.bsp_Init) refers to bsp_beep.o(i.BEEP_InitHard) for BEEP_InitHard
    bsp.o(i.bsp_Init) refers to bsp_fmc_ad7606.o(i.bsp_InitAD7606) for bsp_InitAD7606
    bsp.o(i.bsp_RunPer10ms) refers to bsp_key.o(i.bsp_KeyScan10ms) for bsp_KeyScan10ms
    bsp.o(i.bsp_RunPer10ms) refers to bsp_beep.o(i.BEEP_Pro) for BEEP_Pro
    bsp_key.o(i.IsKeyDownFunc) refers to bsp_key.o(i.KeyPinActive) for KeyPinActive
    bsp_key.o(i.KeyPinActive) refers to bsp_key.o(.constdata) for s_gpio_list
    bsp_key.o(i.bsp_ClearKey) refers to bsp_key.o(.bss) for s_tKey
    bsp_key.o(i.bsp_DetectFastIO) refers to bsp_key.o(i.IsKeyDownFunc) for IsKeyDownFunc
    bsp_key.o(i.bsp_DetectFastIO) refers to bsp_key.o(i.bsp_PutKey) for bsp_PutKey
    bsp_key.o(i.bsp_DetectFastIO) refers to bsp_key.o(.bss) for s_tBtn
    bsp_key.o(i.bsp_DetectKey) refers to bsp_key.o(i.IsKeyDownFunc) for IsKeyDownFunc
    bsp_key.o(i.bsp_DetectKey) refers to bsp_key.o(i.bsp_PutKey) for bsp_PutKey
    bsp_key.o(i.bsp_DetectKey) refers to bsp_key.o(.bss) for s_tBtn
    bsp_key.o(i.bsp_GetKey) refers to bsp_key.o(.bss) for s_tKey
    bsp_key.o(i.bsp_GetKey2) refers to bsp_key.o(.bss) for s_tKey
    bsp_key.o(i.bsp_GetKeyState) refers to bsp_key.o(.bss) for s_tBtn
    bsp_key.o(i.bsp_InitKey) refers to bsp_key.o(i.bsp_InitKeyVar) for bsp_InitKeyVar
    bsp_key.o(i.bsp_InitKey) refers to bsp_key.o(i.bsp_InitKeyHard) for bsp_InitKeyHard
    bsp_key.o(i.bsp_InitKeyHard) refers to stm32f4xx_hal_gpio.o(i.HAL_GPIO_Init) for HAL_GPIO_Init
    bsp_key.o(i.bsp_InitKeyHard) refers to bsp_key.o(.constdata) for s_gpio_list
    bsp_key.o(i.bsp_InitKeyVar) refers to bsp_key.o(i.bsp_SetKeyParam) for bsp_SetKeyParam
    bsp_key.o(i.bsp_InitKeyVar) refers to bsp_key.o(.bss) for s_tKey
    bsp_key.o(i.bsp_KeyScan10ms) refers to bsp_key.o(i.bsp_DetectKey) for bsp_DetectKey
    bsp_key.o(i.bsp_KeyScan1ms) refers to bsp_key.o(i.bsp_DetectFastIO) for bsp_DetectFastIO
    bsp_key.o(i.bsp_PutKey) refers to bsp_key.o(.bss) for s_tKey
[...]
    Removing stm32f4xx_hal_dma.o(i.HAL_DMA_DeInit), (112 bytes).
    Removing stm32f4xx_hal_dma.o(i.HAL_DMA_GetError), (6 bytes).
    Removing stm32f4xx_hal_dma.o(i.HAL_DMA_GetState), (8 bytes).
    Removing stm32f4xx_hal_dma.o(i.HAL_DMA_IRQHandler), (576 bytes).
    Removing stm32f4xx_hal_dma.o(i.HAL_DMA_Init), (236 bytes).
    Removing stm32f4xx_hal_dma.o(i.HAL_DMA_PollForTransfer), (346 bytes).
    Removing stm32f4xx_hal_dma.o(i.HAL_DMA_RegisterCallback), (94 bytes).
    Removing stm32f4xx_hal_dma.o(i.HAL_DMA_Start), (102 bytes).
    Removing stm32f4xx_hal_dma.o(i.HAL_DMA_Start_IT), (158 bytes).
    Removing stm32f4xx_hal_dma.o(i.HAL_DMA_UnRegisterCallback), (124 bytes).
    Removing stm32f4xx_hal_dma.o(.constdata), (8 bytes).
    Removing stm32f4xx_hal_sram.o(.rev16_text), (4 bytes).
    Removing stm32f4xx_hal_sram.o(.revsh_text), (4 bytes).
    Removing stm32f4xx_hal_sram.o(.rrx_text), (6 bytes).
    Removing stm32f4xx_hal_sram.o(i.HAL_SRAM_DMA_XferCpltCallback), (2 bytes).
    Removing stm32f4xx_hal_sram.o(i.HAL_SRAM_DMA_XferErrorCallback), (2 bytes).
    Removing stm32f4xx_hal_sram.o(i.HAL_SRAM_DeInit), (34 bytes).
    Removing stm32f4xx_hal_sram.o(i.HAL_SRAM_GetState), (8 bytes).
    Removing stm32f4xx_hal_sram.o(i.HAL_SRAM_MspDeInit), (2 bytes).
    Removing stm32f4xx_hal_sram.o(i.HAL_SRAM_Read_16b), (70 bytes).
    Removing stm32f4xx_hal_sram.o(i.HAL_SRAM_Read_32b), (68 bytes).
    Removing stm32f4xx_hal_sram.o(i.HAL_SRAM_Read_8b), (70 bytes).
    Removing stm32f4xx_hal_sram.o(i.HAL_SRAM_Read_DMA), (96 bytes).
    Removing stm32f4xx_hal_sram.o(i.HAL_SRAM_WriteOperation_Disable), (60 bytes).
    Removing stm32f4xx_hal_sram.o(i.HAL_SRAM_WriteOperation_Enable), (54 bytes).
    Removing stm32f4xx_hal_sram.o(i.HAL_SRAM_Write_16b), (82 bytes).
    Removing stm32f4xx_hal_sram.o(i.HAL_SRAM_Write_32b), (80 bytes).
    Removing stm32f4xx_hal_sram.o(i.HAL_SRAM_Write_8b), (82 bytes).
    Removing stm32f4xx_hal_sram.o(i.HAL_SRAM_Write_DMA), (108 bytes).
    Removing stm32f4xx_hal_tim_ex.o(.rev16_text), (4 bytes).
    Removing stm32f4xx_hal_tim_ex.o(.revsh_text), (4 bytes).
    Removing stm32f4xx_hal_tim_ex.o(.rrx_text), (6 bytes).
    Removing stm32f4xx_hal_tim_ex.o(i.HAL_TIMEx_BreakCallback), (2 bytes).
    Removing stm32f4xx_hal_tim_ex.o(i.HAL_TIMEx_CommutCallback), (2 bytes).
    Removing stm32f4xx_hal_tim_ex.o(i.HAL_TIMEx_CommutHalfCpltCallback), (2 bytes).
    Removing stm32f4xx_hal_tim_ex.o(i.HAL_TIMEx_ConfigBreakDeadTime), (116 bytes).
    Removing stm32f4xx_hal_tim_ex.o(i.HAL_TIMEx_ConfigCommutEvent), (134 bytes).
    Removing stm32f4xx_hal_tim_ex.o(i.HAL_TIMEx_ConfigCommutEvent_DMA), (164 bytes).
    Removing stm32f4xx_hal_tim_ex.o(i.HAL_TIMEx_ConfigCommutEvent_IT), (134 bytes).
    Removing stm32f4xx_hal_tim_ex.o(i.HAL_TIMEx_HallSensor_DeInit), (70 bytes).
    Removing stm32f4xx_hal_tim_ex.o(i.HAL_TIMEx_HallSensor_GetState), (8 bytes).
    Removing stm32f4xx_hal_tim_ex.o(i.HAL_TIMEx_HallSensor_Init), (208 bytes).
    Removing stm32f4xx_hal_tim_ex.o(i.HAL_TIMEx_HallSensor_MspDeInit), (2 bytes).
    Removing stm32f4xx_hal_tim_ex.o(i.HAL_TIMEx_HallSensor_MspInit), (2 bytes).
    Removing stm32f4xx_hal_tim_ex.o(i.HAL_TIMEx_HallSensor_Start), (42 bytes).
    Removing stm32f4xx_hal_tim_ex.o(i.HAL_TIMEx_HallSensor_Start_DMA), (144 bytes).
    Removing stm32f4xx_hal_tim_ex.o(i.HAL_TIMEx_HallSensor_Start_IT), (54 bytes).
    Removing stm32f4xx_hal_tim_ex.o(i.HAL_TIMEx_HallSensor_Stop), (56 bytes).
    Removing stm32f4xx_hal_tim_ex.o(i.HAL_TIMEx_HallSensor_Stop_DMA), (74 bytes).
    Removing stm32f4xx_hal_tim_ex.o(i.HAL_TIMEx_HallSensor_Stop_IT), (68 bytes).
    Removing stm32f4xx_hal_tim_ex.o(i.HAL_TIMEx_MasterConfigSynchronization), (84 bytes).
    Removing stm32f4xx_hal_tim_ex.o(i.HAL_TIMEx_OCN_Start), (56 bytes).
    Removing stm32f4xx_hal_tim_ex.o(i.HAL_TIMEx_OCN_Start_DMA), (288 bytes).
    Removing stm32f4xx_hal_tim_ex.o(i.HAL_TIMEx_OCN_Start_IT), (126 bytes).
    Removing stm32f4xx_hal_tim_ex.o(i.HAL_TIMEx_OCN_Stop), (96 bytes).
    Removing stm32f4xx_hal_tim_ex.o(i.HAL_TIMEx_OCN_Stop_DMA), (178 bytes).
    Removing stm32f4xx_hal_tim_ex.o(i.HAL_TIMEx_OCN_Stop_IT), (178 bytes).
    Removing stm32f4xx_hal_tim_ex.o(i.HAL_TIMEx_OnePulseN_Start), (32 bytes).
    Removing stm32f4xx_hal_tim_ex.o(i.HAL_TIMEx_OnePulseN_Start_IT), (56 bytes).
    Removing stm32f4xx_hal_tim_ex.o(i.HAL_TIMEx_OnePulseN_Stop), (96 bytes).
    Removing stm32f4xx_hal_tim_ex.o(i.HAL_TIMEx_OnePulseN_Stop_IT), (120 bytes).
    Removing stm32f4xx_hal_tim_ex.o(i.HAL_TIMEx_PWMN_Start), (56 bytes).
    Removing stm32f4xx_hal_tim_ex.o(i.HAL_TIMEx_PWMN_Start_DMA), (288 bytes).
    Removing stm32f4xx_hal_tim_ex.o(i.HAL_TIMEx_PWMN_Start_IT), (126 bytes).
    Removing stm32f4xx_hal_tim_ex.o(i.HAL_TIMEx_PWMN_Stop), (96 bytes).
    Removing stm32f4xx_hal_tim_ex.o(i.HAL_TIMEx_PWMN_Stop_DMA), (178 bytes).
    Removing stm32f4xx_hal_tim_ex.o(i.HAL_TIMEx_PWMN_Stop_IT), (178 bytes).
    Removing stm32f4xx_hal_tim_ex.o(i.HAL_TIMEx_RemapConfig), (42 bytes).
    Removing stm32f4xx_hal_tim_ex.o(i.TIMEx_DMACommutationCplt), (20 bytes).
    Removing stm32f4xx_hal_tim_ex.o(i.TIMEx_DMACommutationHalfCplt), (20 bytes).
    Removing stm32f4xx_hal_tim_ex.o(i.TIM_CCxNChannelCmd), (34 bytes).
    Removing stm32f4xx_hal_flash_ex.o(.rev16_text), (4 bytes).
    Removing stm32f4xx_hal_flash_ex.o(.revsh_text), (4 bytes).
    Removing stm32f4xx_hal_flash_ex.o(.rrx_text), (6 bytes).
    Removing stm32f4xx_hal_flash_ex.o(i.FLASH_Erase_Sector), (96 bytes).
    Removing stm32f4xx_hal_flash_ex.o(i.FLASH_FlushCaches), (120 bytes).
    Removing stm32f4xx_hal_flash_ex.o(i.FLASH_MassErase), (84 bytes).
    Removing stm32f4xx_hal_flash_ex.o(i.FLASH_OB_BOR_LevelConfig), (32 bytes).
    Removing stm32f4xx_hal_flash_ex.o(i.FLASH_OB_BootConfig), (48 bytes).
    Removing stm32f4xx_hal_flash_ex.o(i.FLASH_OB_DisablePCROP), (100 bytes).
    Removing stm32f4xx_hal_flash_ex.o(i.FLASH_OB_DisableWRP), (148 bytes).
    Removing stm32f4xx_hal_flash_ex.o(i.FLASH_OB_EnablePCROP), (104 bytes).
    Removing stm32f4xx_hal_flash_ex.o(i.FLASH_OB_EnableWRP), (140 bytes).
    Removing stm32f4xx_hal_flash_ex.o(i.FLASH_OB_GetBOR), (16 bytes).
    Removing stm32f4xx_hal_flash_ex.o(i.FLASH_OB_GetRDP), (36 bytes).
    Removing stm32f4xx_hal_flash_ex.o(i.FLASH_OB_GetUser), (16 bytes).
    Removing stm32f4xx_hal_flash_ex.o(i.FLASH_OB_GetWRP), (12 bytes).
    Removing stm32f4xx_hal_flash_ex.o(i.FLASH_OB_RDP_LevelConfig), (32 bytes).
    Removing stm32f4xx_hal_flash_ex.o(i.FLASH_OB_UserConfig), (60 bytes).
    Removing stm32f4xx_hal_flash_ex.o(i.HAL_FLASHEx_AdvOBGetConfig), (28 bytes).
    Removing stm32f4xx_hal_flash_ex.o(i.HAL_FLASHEx_AdvOBProgram), (68 bytes).
    Removing stm32f4xx_hal_flash_ex.o(i.HAL_FLASHEx_Erase), (176 bytes).
    Removing stm32f4xx_hal_flash_ex.o(i.HAL_FLASHEx_Erase_IT), (120 bytes).
    Removing stm32f4xx_hal_flash_ex.o(i.HAL_FLASHEx_OBGetConfig), (34 bytes).
    Removing stm32f4xx_hal_flash_ex.o(i.HAL_FLASHEx_OBProgram), (148 bytes).
    Removing stm32f4xx_hal_flash_ex.o(i.HAL_FLASHEx_OB_DeSelectPCROP), (24 bytes).
    Removing stm32f4xx_hal_flash_ex.o(i.HAL_FLASHEx_OB_GetBank2WRP), (12 bytes).
    Removing stm32f4xx_hal_flash_ex.o(i.HAL_FLASHEx_OB_SelectPCROP), (28 bytes).
    Removing system_stm32f4xx.o(.rev16_text), (4 bytes).
    Removing system_stm32f4xx.o(.revsh_text), (4 bytes).
    Removing system_stm32f4xx.o(.rrx_text), (6 bytes).
    Removing system_stm32f4xx.o(i.SystemCoreClockUpdate), (192 bytes).
    Removing segger_hardfaulthandler.o(.rev16_text), (4 bytes).
    Removing segger_hardfaulthandler.o(.revsh_text), (4 bytes).
    Removing segger_hardfaulthandler.o(.rrx_text), (6 bytes).
    Removing dadd.o(.text), (334 bytes).
    Removing dmul.o(.text), (228 bytes).
    Removing ddiv.o(.text), (222 bytes).
    Removing dfixul.o(.text), (48 bytes).
    Removing cdrcmple.o(.text), (48 bytes).
    Removing depilogue.o(.text), (186 bytes).

471 unused section(s) (total 33210 bytes) removed from the image.

==============================================================================

Image Symbol Table

    Local Symbols

    Symbol Name                              Value     Ov Type        Size  Object(Section)

    ../clib/microlib/division.c              0x00000000   Number         0  uidiv.o ABSOLUTE
    ../clib/microlib/division.c              0x00000000   Number         0  uldiv.o ABSOLUTE
    ../clib/microlib/init/entry.s            0x00000000   Number         0  entry8b.o ABSOLUTE
    ../clib/microlib/init/entry.s            0x00000000   Number         0  entry.o ABSOLUTE
    ../clib/microlib/init/entry.s            0x00000000   Number         0  entry2.o ABSOLUTE
    ../clib/microlib/init/entry.s            0x00000000   Number         0  entry11b.o ABSOLUTE
    ../clib/microlib/init/entry.s            0x00000000   Number         0  entry5.o ABSOLUTE
    ../clib/microlib/init/entry.s            0x00000000   Number         0  entry11a.o ABSOLUTE
    ../clib/microlib/init/entry.s            0x00000000   Number         0  entry8a.o ABSOLUTE
    ../clib/microlib/init/entry.s            0x00000000   Number         0  entry10a.o ABSOLUTE
    ../clib/microlib/init/entry.s            0x00000000   Number         0  entry10b.o ABSOLUTE
    ../clib/microlib/init/entry.s            0x00000000   Number         0  entry9b.o ABSOLUTE
    ../clib/microlib/init/entry.s            0x00000000   Number         0  entry7a.o ABSOLUTE
    ../clib/microlib/init/entry.s            0x00000000   Number         0  entry9a.o ABSOLUTE
    ../clib/microlib/init/entry.s            0x00000000   Number         0  entry7b.o ABSOLUTE
    ../clib/microlib/longlong.c              0x00000000   Number         0  llushr.o ABSOLUTE
    ../clib/microlib/longlong.c              0x00000000   Number         0  llshl.o ABSOLUTE
    ../clib/microlib/longlong.c              0x00000000   Number         0  llsshr.o ABSOLUTE
    ../clib/microlib/printf/printf.c         0x00000000   Number         0  printf4.o ABSOLUTE
    ../clib/microlib/printf/printf.c         0x00000000   Number         0  printf6.o ABSOLUTE
    ../clib/microlib/printf/printf.c         0x00000000   Number         0  printf7.o ABSOLUTE
    ../clib/microlib/printf/printf.c         0x00000000   Number         0  printfb.o ABSOLUTE
    ../clib/microlib/printf/printf.c         0x00000000   Number         0  printf2.o ABSOLUTE
    ../clib/microlib/printf/printf.c         0x00000000   Number         0  printf3.o ABSOLUTE
    ../clib/microlib/printf/printf.c         0x00000000   Number         0  printf1.o ABSOLUTE
    ../clib/microlib/printf/printf.c         0x00000000   Number         0  printfa.o ABSOLUTE
    ../clib/microlib/printf/printf.c         0x00000000   Number         0  printf8.o ABSOLUTE
    ../clib/microlib/printf/printf.c         0x00000000   Number         0  printf5.o ABSOLUTE
    ../clib/microlib/printf/printf.c         0x00000000   Number         0  printf0.o ABSOLUTE
    ../clib/microlib/printf/stubs.s          0x00000000   Number         0  stubs.o ABSOLUTE
    ../clib/microlib/stdio/streams.c         0x00000000   Number         0  stdout.o ABSOLUTE
    ../clib/microlib/string/memcpy.c         0x00000000   Number         0  memcpyb.o ABSOLUTE
    ../clib/microlib/string/memcpy.c         0x00000000   Number         0  memcpya.o ABSOLUTE
    ../clib/microlib/string/memset.c         0x00000000   Number         0  memseta.o ABSOLUTE
    ../clib/microlib/string/strlen.c         0x00000000   Number         0  strlen.o ABSOLUTE
    ../clib/microlib/stubs.s                 0x00000000   Number         0  iusefp.o ABSOLUTE
    ../fplib/microlib/fpadd.c                0x00000000   Number         0  dadd.o ABSOLUTE
    ../fplib/microlib/fpdiv.c                0x00000000   Number         0  ddiv.o ABSOLUTE
    ../fplib/microlib/fpepilogue.c           0x00000000   Number         0  depilogue.o ABSOLUTE
    ../fplib/microlib/fpfix.c                0x00000000   Number         0  dfixul.o ABSOLUTE
    ../fplib/microlib/fpmul.c                0x00000000   Number         0  dmul.o ABSOLUTE
    ..\..\Libraries\CMSIS\Device\ST\STM32F4xx\Source\Templates\arm\startup_stm32f429xx.s 0x00000000   Number         0  startup_stm32f429xx.o ABSOLUTE
    ..\..\Libraries\CMSIS\Device\ST\STM32F4xx\Source\Templates\system_stm32f4xx.c 0x00000000   Number         0  system_stm32f4xx.o ABSOLUTE
    ..\..\Libraries\STM32F4xx_HAL_Driver\Src\stm32f4xx_hal.c 0x00000000   Number         0  stm32f4xx_hal.o ABSOLUTE
    ..\..\Libraries\STM32F4xx_HAL_Driver\Src\stm32f4xx_hal_cortex.c 0x00000000   Number         0  stm32f4xx_hal_cortex.o ABSOLUTE
    ..\..\Libraries\STM32F4xx_HAL_Driver\Src\stm32f4xx_hal_dma.c 0x00000000   Number         0  stm32f4xx_hal_dma.o ABSOLUTE
    ..\..\Libraries\STM32F4xx_HAL_Driver\Src\stm32f4xx_hal_flash.c 0x00000000   Number         0  stm32f4xx_hal_flash.o ABSOLUTE
    ..\..\Libraries\STM32F4xx_HAL_Driver\Src\stm32f4xx_hal_flash_ex.c 0x00000000   Number         0  stm32f4xx_hal_flash_ex.o ABSOLUTE
    ..\..\Libraries\STM32F4xx_HAL_Driver\Src\stm32f4xx_hal_gpio.c 0x00000000   Number         0  stm32f4xx_hal_gpio.o ABSOLUTE
    ..\..\Libraries\STM32F4xx_HAL_Driver\Src\stm32f4xx_hal_rcc.c 0x00000000   Number         0  stm32f4xx_hal_rcc.o ABSOLUTE
    ..\..\Libraries\STM32F4xx_HAL_Driver\Src\stm32f4xx_hal_sram.c 0x00000000   Number         0  stm32f4xx_hal_sram.o ABSOLUTE
    ..\..\Libraries\STM32F4xx_HAL_Driver\Src\stm32f4xx_hal_tim.c 0x00000000   Number         0  stm32f4xx_hal_tim.o ABSOLUTE
    ..\..\Libraries\STM32F4xx_HAL_Driver\Src\stm32f4xx_hal_tim_ex.c 0x00000000   Number         0  stm32f4xx_hal_tim_ex.o ABSOLUTE
    ..\..\Libraries\STM32F4xx_HAL_Driver\Src\stm32f4xx_hal_uart.c 0x00000000   Number         0  stm32f4xx_hal_uart.o ABSOLUTE
    ..\..\Libraries\STM32F4xx_HAL_Driver\Src\stm32f4xx_ll_fmc.c 0x00000000   Number         0  stm32f4xx_ll_fmc.o ABSOLUTE
    ..\..\User\app\src\DataSample.c          0x00000000   Number         0  datasample.o ABSOLUTE
    ..\..\User\app\src\Disp.c                0x00000000   Number         0  disp.o ABSOLUTE
    ..\..\User\bsp\bsp.c                     0x00000000   Number         0  bsp.o ABSOLUTE
    ..\..\User\bsp\src\bsp_beep.c            0x00000000   Number         0  bsp_beep.o ABSOLUTE
    ..\..\User\bsp\src\bsp_fmc_ad7606.c      0x00000000   Number         0  bsp_fmc_ad7606.o ABSOLUTE
    ..\..\User\bsp\src\bsp_fmc_io.c          0x00000000   Number         0  bsp_fmc_io.o ABSOLUTE
    ..\..\User\bsp\src\bsp_key.c             0x00000000   Number         0  bsp_key.o ABSOLUTE
    ..\..\User\bsp\src\bsp_led.c             0x00000000   Number         0  bsp_led.o ABSOLUTE
    ..\..\User\bsp\src\bsp_tim_pwm.c         0x00000000   Number         0  bsp_tim_pwm.o ABSOLUTE
    ..\..\User\bsp\src\bsp_timer.c           0x00000000   Number         0  bsp_timer.o ABSOLUTE
    ..\..\User\bsp\src\bsp_uart_fifo.c       0x00000000   Number         0  bsp_uart_fifo.o ABSOLUTE
    ..\..\User\bsp\stm32f4xx_it.c            0x00000000   Number         0  stm32f4xx_it.o ABSOLUTE
    ..\..\User\main.c                        0x00000000   Number         0  main.o ABSOLUTE
    ..\..\User\segger\HardFaultHandlerMDK\HardFaultHandler.S 0x00000000   Number         0  hardfaulthandler.o ABSOLUTE
    ..\..\User\segger\HardFaultHandlerMDK\SEGGER_HardFaultHandler.c 0x00000000   Number         0  segger_hardfaulthandler.o ABSOLUTE
    ..\\..\\Libraries\\CMSIS\\Device\\ST\\STM32F4xx\\Source\\Templates\\system_stm32f4xx.c 0x00000000   Number         0  system_stm32f4xx.o ABSOLUTE
    ..\\..\\Libraries\\STM32F4xx_HAL_Driver\\Src\\stm32f4xx_hal.c 0x00000000   Number         0  stm32f4xx_hal.o ABSOLUTE
    ..\\..\\Libraries\\STM32F4xx_HAL_Driver\\Src\\stm32f4xx_hal_cortex.c 0x00000000   Number         0  stm32f4xx_hal_cortex.o ABSOLUTE
    ..\\..\\Libraries\\STM32F4xx_HAL_Driver\\Src\\stm32f4xx_hal_dma.c 0x00000000   Number         0  stm32f4xx_hal_dma.o ABSOLUTE
    ..\\..\\Libraries\\STM32F4xx_HAL_Driver\\Src\\stm32f4xx_hal_flash.c 0x00000000   Number         0  stm32f4xx_hal_flash.o ABSOLUTE
    ..\\..\\Libraries\\STM32F4xx_HAL_Driver\\Src\\stm32f4xx_hal_flash_ex.c 0x00000000   Number         0  stm32f4xx_hal_flash_ex.o ABSOLUTE
    ..\\..\\Libraries\\STM32F4xx_HAL_Driver\\Src\\stm32f4xx_hal_gpio.c 0x00000000   Number         0  stm32f4xx_hal_gpio.o ABSOLUTE
    ..\\..\\Libraries\\STM32F4xx_HAL_Driver\\Src\\stm32f4xx_hal_rcc.c 0x00000000   Number         0  stm32f4xx_hal_rcc.o ABSOLUTE
    ..\\..\\Libraries\\STM32F4xx_HAL_Driver\\Src\\stm32f4xx_hal_sram.c 0x00000000   Number         0  stm32f4xx_hal_sram.o ABSOLUTE
    ..\\..\\Libraries\\STM32F4xx_HAL_Driver\\Src\\stm32f4xx_hal_tim.c 0x00000000   Number         0  stm32f4xx_hal_tim.o ABSOLUTE
    ..\\..\\Libraries\\STM32F4xx_HAL_Driver\\Src\\stm32f4xx_hal_tim_ex.c 0x00000000   Number         0  stm32f4xx_hal_tim_ex.o ABSOLUTE
    ..\\..\\Libraries\\STM32F4xx_HAL_Driver\\Src\\stm32f4xx_hal_uart.c 0x00000000   Number         0  stm32f4xx_hal_uart.o ABSOLUTE
    ..\\..\\Libraries\\STM32F4xx_HAL_Driver\\Src\\stm32f4xx_ll_fmc.c 0x00000000   Number         0  stm32f4xx_ll_fmc.o ABSOLUTE
    ..\\..\\User\\app\\src\\DataSample.c     0x00000000   Number         0  datasample.o ABSOLUTE
    ..\\..\\User\\app\\src\\Disp.c           0x00000000   Number         0  disp.o ABSOLUTE
    ..\\..\\User\\bsp\\bsp.c                 0x00000000   Number         0  bsp.o ABSOLUTE
    ..\\..\\User\\bsp\\src\\bsp_beep.c       0x00000000   Number         0  bsp_beep.o ABSOLUTE
    ..\\..\\User\\bsp\\src\\bsp_fmc_ad7606.c 0x00000000   Number         0  bsp_fmc_ad7606.o ABSOLUTE
    ..\\..\\User\\bsp\\src\\bsp_fmc_io.c     0x00000000   Number         0  bsp_fmc_io.o ABSOLUTE
    ..\\..\\User\\bsp\\src\\bsp_key.c        0x00000000   Number         0  bsp_key.o ABSOLUTE
    ..\\..\\User\\bsp\\src\\bsp_led.c        0x00000000   Number         0  bsp_led.o ABSOLUTE
    ..\\..\\User\\bsp\\src\\bsp_tim_pwm.c    0x00000000   Number         0  bsp_tim_pwm.o ABSOLUTE
    ..\\..\\User\\bsp\\src\\bsp_timer.c      0x00000000   Number         0  bsp_timer.o ABSOLUTE
    ..\\..\\User\\bsp\\src\\bsp_uart_fifo.c  0x00000000   Number         0  bsp_uart_fifo.o ABSOLUTE
    ..\\..\\User\\bsp\\stm32f4xx_it.c        0x00000000   Number         0  stm32f4xx_it.o ABSOLUTE
    ..\\..\\User\\main.c                     0x00000000   Number         0  main.o ABSOLUTE
    ..\\..\\User\\segger\\HardFaultHandlerMDK\\SEGGER_HardFaultHandler.c 0x00000000   Number         0  segger_hardfaulthandler.o ABSOLUTE
    cdrcmple.s                               0x00000000   Number         0  cdrcmple.o ABSOLUTE
    dc.s                                     0x00000000   Number         0  dc.o ABSOLUTE
    handlers.s                               0x00000000   Number         0  handlers.o ABSOLUTE
    init.s                                   0x00000000   Number         0  init.o ABSOLUTE
    RESET                                    0x08000000   Section      428  startup_stm32f429xx.o(RESET)
    .ARM.Collect$$$$00000000                 0x080001ac   Section        0  entry.o(.ARM.Collect$$$$00000000)
    .ARM.Collect$$$$00000001                 0x080001ac   Section        4  entry2.o(.ARM.Collect$$$$00000001)
    .ARM.Collect$$$$00000004                 0x080001b0   Section        4  entry5.o(.ARM.Collect$$$$00000004)
    .ARM.Collect$$$$00000008                 0x080001b4   Section        0  entry7b.o(.ARM.Collect$$$$00000008)
    .ARM.Collect$$$$0000000A                 0x080001b4   Section        0  entry8b.o(.ARM.Collect$$$$0000000A)
    .ARM.Collect$$$$0000000B                 0x080001b4   Section        8  entry9a.o(.ARM.Collect$$$$0000000B)
    .ARM.Collect$$$$0000000D                 0x080001bc   Section        0  entry10a.o(.ARM.Collect$$$$0000000D)
    .ARM.Collect$$$$0000000F                 0x080001bc   Section        0  entry11a.o(.ARM.Collect$$$$0000000F)
    .ARM.Collect$$$$00002712                 0x080001bc   Section        4  entry2.o(.ARM.Collect$$$$00002712)
    __lit__00000000                          0x080001bc   Data           4  entry2.o(.ARM.Collect$$$$00002712)
    .text                                    0x080001c0   Section       36  startup_stm32f429xx.o(.text)
    $v0                                      0x080001c0   Number         0  startup_stm32f429xx.o(.text)
    .text                                    0x080001e4   Section        0  uldiv.o(.text)
    .text                                    0x08000246   Section        0  memcpya.o(.text)
    .text                                    0x0800026a   Section        0  memseta.o(.text)
    .text                                    0x0800028e   Section        0  llshl.o(.text)
    .text                                    0x080002ac   Section        0  llushr.o(.text)
    .text                                    0x080002cc   Section       36  init.o(.text)
    OSKERNEL                                 0x080002f0   Section       18  hardfaulthandler.o(OSKERNEL)
    $v0                                      0x080002f0   Number         0  hardfaulthandler.o(OSKERNEL)
    i.AD7606_CtrlLinesConfig                 0x08000304   Section        0  bsp_fmc_ad7606.o(i.AD7606_CtrlLinesConfig)
    AD7606_CtrlLinesConfig                   0x08000305   Thumb Code   194  bsp_fmc_ad7606.o(i.AD7606_CtrlLinesConfig)
    i.AD7606_Disp                            0x080003d4   Section        0  main.o(i.AD7606_Disp)
    AD7606_Disp                              0x080003d5   Thumb Code   224  main.o(i.AD7606_Disp)
    i.AD7606_EnterAutoMode                   0x08000528   Section        0  bsp_fmc_ad7606.o(i.AD7606_EnterAutoMode)
    i.AD7606_FSMCConfig                      0x080005a0   Section        0  bsp_fmc_ad7606.o(i.AD7606_FSMCConfig)
    AD7606_FSMCConfig                        0x080005a1   Thumb Code   118  bsp_fmc_ad7606.o(i.AD7606_FSMCConfig)
    i.AD7606_ISR                             0x08000640   Section        0  bsp_fmc_ad7606.o(i.AD7606_ISR)
    i.AD7606_Mak                             0x080006a0   Section        0  main.o(i.AD7606_Mak)
    AD7606_Mak                               0x080006a1   Thumb Code    96  main.o(i.AD7606_Mak)
    i.AD7606_ReadNowAdc                      0x0800070c   Section        0  bsp_fmc_ad7606.o(i.AD7606_ReadNowAdc)
    i.AD7606_Reset                           0x08000768   Section        0  bsp_fmc_ad7606.o(i.AD7606_Reset)
    i.AD7606_SetInputRange                   0x080007a0   Section        0  bsp_fmc_ad7606.o(i.AD7606_SetInputRange)
    i.AD7606_SetOS                           0x080007cc   Section        0  bsp_fmc_ad7606.o(i.AD7606_SetOS)
    i.AD7606_StartConvst                     0x080008c4   Section        0  bsp_fmc_ad7606.o(i.AD7606_StartConvst)
    i.AD7606_StartRecord                     0x080008f4   Section        0  bsp_fmc_ad7606.o(i.AD7606_StartRecord)
    i.AD7606_StopRecord                      0x0800091c   Section        0  bsp_fmc_ad7606.o(i.AD7606_StopRecord)
    i.BEEP_InitHard                          0x08000984   Section        0  bsp_beep.o(i.BEEP_InitHard)
    i.BEEP_Pro                               0x08000990   Section        0  bsp_beep.o(i.BEEP_Pro)
    i.BusFault_Handler                       0x08000a64   Section        0  stm32f4xx_it.o(i.BusFault_Handler)
    i.ComToUart                              0x08000a68   Section        0  bsp_uart_fifo.o(i.ComToUart)
    i.DebugMon_Handler                       0x08000ae0   Section        0  stm32f4xx_it.o(i.DebugMon_Handler)
    i.EXTI9_5_IRQHandler                     0x08000ae2   Section        0  bsp_fmc_ad7606.o(i.EXTI9_5_IRQHandler)
    i.Error_Handler                          0x08000aec   Section        0  bsp.o(i.Error_Handler)
    i.FMC_NORSRAM_Extended_Timing_Init       0x08000af4   Section        0  stm32f4xx_ll_fmc.o(i.FMC_NORSRAM_Extended_Timing_Init)
    i.FMC_NORSRAM_Init                       0x08000b3c   Section        0  stm32f4xx_ll_fmc.o(i.FMC_NORSRAM_Init)
    i.FMC_NORSRAM_Timing_Init                0x08000bb0   Section        0  stm32f4xx_ll_fmc.o(i.FMC_NORSRAM_Timing_Init)
    i.HAL_EnableCompensationCell             0x08000c14   Section        0  stm32f4xx_hal.o(i.HAL_EnableCompensationCell)
    i.HAL_GPIO_EXTI_Callback                 0x08000c20   Section        0  bsp_fmc_ad7606.o(i.HAL_GPIO_EXTI_Callback)
    i.HAL_GPIO_EXTI_IRQHandler               0x08000c2c   Section        0  stm32f4xx_hal_gpio.o(i.HAL_GPIO_EXTI_IRQHandler)
    i.HAL_GPIO_Init                          0x08000c48   Section        0  stm32f4xx_hal_gpio.o(i.HAL_GPIO_Init)
    i.HAL_GPIO_WritePin                      0x08000e64   Section        0  stm32f4xx_hal_gpio.o(i.HAL_GPIO_WritePin)
    i.HAL_GetTick                            0x08000e70   Section        0  stm32f4xx_hal.o(i.HAL_GetTick)
    i.HAL_IncTick                            0x08000e7c   Section        0  stm32f4xx_hal.o(i.HAL_IncTick)
    i.HAL_Init                               0x08000e94   Section        0  stm32f4xx_hal.o(i.HAL_Init)
    i.HAL_InitTick                           0x08000ed0   Section        0  stm32f4xx_hal.o(i.HAL_InitTick)
    i.HAL_MspInit                            0x08000f1c   Section        0  stm32f4xx_hal.o(i.HAL_MspInit)
    i.HAL_NVIC_EnableIRQ                     0x08000f1e   Section        0  stm32f4xx_hal_cortex.o(i.HAL_NVIC_EnableIRQ)
    i.HAL_NVIC_SetPriority                   0x08000f3e   Section        0  stm32f4xx_hal_cortex.o(i.HAL_NVIC_SetPriority)
    i.HAL_NVIC_SetPriorityGrouping           0x08000fbc   Section        0  stm32f4xx_hal_cortex.o(i.HAL_NVIC_SetPriorityGrouping)
    i.HAL_RCC_ClockConfig                    0x08000fe4   Section        0  stm32f4xx_hal_rcc.o(i.HAL_RCC_ClockConfig)
    i.HAL_RCC_GetHCLKFreq                    0x08001164   Section        0  stm32f4xx_hal_rcc.o(i.HAL_RCC_GetHCLKFreq)
    i.HAL_RCC_GetPCLK1Freq                   0x08001170   Section        0  stm32f4xx_hal_rcc.o(i.HAL_RCC_GetPCLK1Freq)
    i.HAL_RCC_GetPCLK2Freq                   0x08001190   Section        0  stm32f4xx_hal_rcc.o(i.HAL_RCC_GetPCLK2Freq)
    i.HAL_RCC_GetSysClockFreq                0x080011b0   Section        0  stm32f4xx_hal_rcc.o(i.HAL_RCC_GetSysClockFreq)
    i.HAL_RCC_OscConfig                      0x08001260   Section        0  stm32f4xx_hal_rcc.o(i.HAL_RCC_OscConfig)
    i.HAL_SRAM_Init                          0x080016a8   Section        0  stm32f4xx_hal_sram.o(i.HAL_SRAM_Init)
    i.HAL_SRAM_MspInit                       0x08001700   Section        0  stm32f4xx_hal_sram.o(i.HAL_SRAM_MspInit)
    i.HAL_SYSTICK_Config                     0x08001702   Section        0  stm32f4xx_hal_cortex.o(i.HAL_SYSTICK_Config)
    i.HAL_TIM_Base_Init                      0x08001736   Section        0  stm32f4xx_hal_tim.o(i.HAL_TIM_Base_Init)
    i.HAL_TIM_Base_MspInit                   0x0800176a   Section        0  stm32f4xx_hal_tim.o(i.HAL_TIM_Base_MspInit)
    i.HAL_TIM_Base_Start                     0x0800176c   Section        0  stm32f4xx_hal_tim.o(i.HAL_TIM_Base_Start)
    i.HAL_TIM_PWM_ConfigChannel              0x08001796   Section        0  stm32f4xx_hal_tim.o(i.HAL_TIM_PWM_ConfigChannel)
    i.HAL_TIM_PWM_DeInit                     0x0800189e   Section        0  stm32f4xx_hal_tim.o(i.HAL_TIM_PWM_DeInit)
    i.HAL_TIM_PWM_Init                       0x080018e4   Section        0  stm32f4xx_hal_tim.o(i.HAL_TIM_PWM_Init)
    i.HAL_TIM_PWM_MspDeInit                  0x08001918   Section        0  stm32f4xx_hal_tim.o(i.HAL_TIM_PWM_MspDeInit)
    i.HAL_TIM_PWM_MspInit                    0x0800191a   Section        0  stm32f4xx_hal_tim.o(i.HAL_TIM_PWM_MspInit)
    i.HAL_TIM_PWM_Start                      0x0800191c   Section        0  stm32f4xx_hal_tim.o(i.HAL_TIM_PWM_Start)
    i.HAL_UART_Init                          0x08001974   Section        0  stm32f4xx_hal_uart.o(i.HAL_UART_Init)
    i.HAL_UART_MspInit                       0x080019e6   Section        0  stm32f4xx_hal_uart.o(i.HAL_UART_MspInit)
    i.HC574_ConfigFMC                        0x080019e8   Section        0  bsp_fmc_io.o(i.HC574_ConfigFMC)
    HC574_ConfigFMC                          0x080019e9   Thumb Code   118  bsp_fmc_io.o(i.HC574_ConfigFMC)
    i.HC574_ConfigGPIO                       0x08001a84   Section        0  bsp_fmc_io.o(i.HC574_ConfigGPIO)
    HC574_ConfigGPIO                         0x08001a85   Thumb Code   282  bsp_fmc_io.o(i.HC574_ConfigGPIO)
    i.HC574_SetPin                           0x08001bb8   Section        0  bsp_fmc_io.o(i.HC574_SetPin)
    i.HardFaultHandler                       0x08001be4   Section        0  segger_hardfaulthandler.o(i.HardFaultHandler)
    i.InitHardUart                           0x08001cec   Section        0  bsp_uart_fifo.o(i.InitHardUart)
    InitHardUart                             0x08001ced   Thumb Code   214  bsp_uart_fifo.o(i.InitHardUart)
    i.IsKeyDownFunc                          0x08001dd0   Section        0  bsp_key.o(i.IsKeyDownFunc)
    IsKeyDownFunc                            0x08001dd1   Thumb Code   118  bsp_key.o(i.IsKeyDownFunc)
    i.KeyPinActive                           0x08001e48   Section        0  bsp_key.o(i.KeyPinActive)
    KeyPinActive                             0x08001e49   Thumb Code    48  bsp_key.o(i.KeyPinActive)
    i.MemManage_Handler                      0x08001e7c   Section        0  stm32f4xx_it.o(i.MemManage_Handler)
    i.NMI_Handler                            0x08001e80   Section        0  stm32f4xx_it.o(i.NMI_Handler)
    i.PendSV_Handler                         0x08001e82   Section        0  stm32f4xx_it.o(i.PendSV_Handler)
    i.PrintfHelp                             0x08001e84   Section        0  disp.o(i.PrintfHelp)
    i.PrintfLogo                             0x08002050   Section        0  disp.o(i.PrintfLogo)
    i.RS485_InitTXE                          0x08002164   Section        0  bsp_uart_fifo.o(i.RS485_InitTXE)
    i.SVC_Handler                            0x080021ac   Section        0  stm32f4xx_it.o(i.SVC_Handler)
    i.SysTick_Handler                        0x080021b0   Section        0  bsp_timer.o(i.SysTick_Handler)
    i.SysTick_ISR                            0x080021cc   Section        0  bsp_timer.o(i.SysTick_ISR)
    i.SystemClock_Config                     0x08002250   Section        0  bsp.o(i.SystemClock_Config)
    SystemClock_Config                       0x08002251   Thumb Code   204  bsp.o(i.SystemClock_Config)
    i.SystemInit                             0x0800233c   Section        0  system_stm32f4xx.o(i.SystemInit)
    i.TIM2_IRQHandler                        0x080023a0   Section        0  bsp_timer.o(i.TIM2_IRQHandler)
    i.TIM_Base_SetConfig                     0x08002454   Section        0  stm32f4xx_hal_tim.o(i.TIM_Base_SetConfig)
    i.TIM_CCxChannelCmd                      0x0800252c   Section        0  stm32f4xx_hal_tim.o(i.TIM_CCxChannelCmd)
    i.TIM_OC1_SetConfig                      0x08002550   Section        0  stm32f4xx_hal_tim.o(i.TIM_OC1_SetConfig)
    TIM_OC1_SetConfig                        0x08002551   Thumb Code   104  stm32f4xx_hal_tim.o(i.TIM_OC1_SetConfig)
    i.TIM_OC2_SetConfig                      0x080025c0   Section        0  stm32f4xx_hal_tim.o(i.TIM_OC2_SetConfig)
    i.TIM_OC3_SetConfig                      0x0800263c   Section        0  stm32f4xx_hal_tim.o(i.TIM_OC3_SetConfig)
    TIM_OC3_SetConfig                        0x0800263d   Thumb Code   112  stm32f4xx_hal_tim.o(i.TIM_OC3_SetConfig)
    i.TIM_OC4_SetConfig                      0x080026b4   Section        0  stm32f4xx_hal_tim.o(i.TIM_OC4_SetConfig)
    TIM_OC4_SetConfig                        0x080026b5   Thumb Code    74  stm32f4xx_hal_tim.o(i.TIM_OC4_SetConfig)
    i.UART_SetConfig                         0x08002708   Section        0  stm32f4xx_hal_uart.o(i.UART_SetConfig)
    UART_SetConfig                           0x08002709   Thumb Code   864  stm32f4xx_hal_uart.o(i.UART_SetConfig)
    i.USART1_IRQHandler                      0x08002a70   Section        0  bsp_uart_fifo.o(i.USART1_IRQHandler)
    i.UartIRQ                                0x08002a80   Section        0  bsp_uart_fifo.o(i.UartIRQ)
    UartIRQ                                  0x08002a81   Thumb Code   246  bsp_uart_fifo.o(i.UartIRQ)
    i.UartSend                               0x08002b76   Section        0  bsp_uart_fifo.o(i.UartSend)
    UartSend                                 0x08002b77   Thumb Code   146  bsp_uart_fifo.o(i.UartSend)
    i.UartVarInit                            0x08002c08   Section        0  bsp_uart_fifo.o(i.UartVarInit)
    UartVarInit                              0x08002c09   Thumb Code    48  bsp_uart_fifo.o(i.UartVarInit)
    i.UsageFault_Handler                     0x08002c48   Section        0  stm32f4xx_it.o(i.UsageFault_Handler)
    i.__0printf$8                            0x08002c4c   Section        0  printf8.o(i.__0printf$8)
    i.__NVIC_GetPriorityGrouping             0x08002c6c   Section        0  stm32f4xx_hal_cortex.o(i.__NVIC_GetPriorityGrouping)
    __NVIC_GetPriorityGrouping               0x08002c6d   Thumb Code    10  stm32f4xx_hal_cortex.o(i.__NVIC_GetPriorityGrouping)
    i.__NVIC_SetPriority                     0x08002c7c   Section        0  stm32f4xx_hal_cortex.o(i.__NVIC_SetPriority)
    __NVIC_SetPriority                       0x08002c7d   Thumb Code    32  stm32f4xx_hal_cortex.o(i.__NVIC_SetPriority)
    i.__scatterload_copy                     0x08002ca4   Section       14  handlers.o(i.__scatterload_copy)
    i.__scatterload_null                     0x08002cb2   Section        2  handlers.o(i.__scatterload_null)
    i.__scatterload_zeroinit                 0x08002cb4   Section       14  handlers.o(i.__scatterload_zeroinit)
    i.__set_PRIMASK                          0x08002cc2   Section        0  bsp_timer.o(i.__set_PRIMASK)
    __set_PRIMASK                            0x08002cc3   Thumb Code     6  bsp_timer.o(i.__set_PRIMASK)
    i.__set_PRIMASK                          0x08002cc8   Section        0  bsp_uart_fifo.o(i.__set_PRIMASK)
    __set_PRIMASK                            0x08002cc9   Thumb Code     6  bsp_uart_fifo.o(i.__set_PRIMASK)
    i._printf_core                           0x08002cd0   Section        0  printf8.o(i._printf_core)
    _printf_core                             0x08002cd1   Thumb Code   996  printf8.o(i._printf_core)
    i._printf_post_padding                   0x080030e0   Section        0  printf8.o(i._printf_post_padding)
    _printf_post_padding                     0x080030e1   Thumb Code    36  printf8.o(i._printf_post_padding)
    i._printf_pre_padding                    0x08003104   Section        0  printf8.o(i._printf_pre_padding)
    _printf_pre_padding                      0x08003105   Thumb Code    46  printf8.o(i._printf_pre_padding)
    i.bsp_CheckTimer                         0x08003134   Section        0  bsp_timer.o(i.bsp_CheckTimer)
    i.bsp_ConfigGpioOut                      0x08003168   Section        0  bsp_tim_pwm.o(i.bsp_ConfigGpioOut)
    i.bsp_ConfigTimGpio                      0x08003190   Section        0  bsp_tim_pwm.o(i.bsp_ConfigTimGpio)
    i.bsp_DetectKey                          0x080031c8   Section        0  bsp_key.o(i.bsp_DetectKey)
    bsp_DetectKey                            0x080031c9   Thumb Code   200  bsp_key.o(i.bsp_DetectKey)
    i.bsp_GetAFofTIM                         0x08003294   Section        0  bsp_tim_pwm.o(i.bsp_GetAFofTIM)
    i.bsp_GetKey                             0x08003370   Section        0  bsp_key.o(i.bsp_GetKey)
    i.bsp_Idle                               0x080033a4   Section        0  bsp.o(i.bsp_Idle)
    i.bsp_Init                               0x080033a6   Section        0  bsp.o(i.bsp_Init)
    i.bsp_InitAD7606                         0x080033d0   Section        0  bsp_fmc_ad7606.o(i.bsp_InitAD7606)
    i.bsp_InitExtIO                          0x080033fc   Section        0  bsp_fmc_io.o(i.bsp_InitExtIO)
    i.bsp_InitHardTimer                      0x08003420   Section        0  bsp_timer.o(i.bsp_InitHardTimer)
    i.bsp_InitKey                            0x080034e4   Section        0  bsp_key.o(i.bsp_InitKey)
    i.bsp_InitKeyHard                        0x080034f0   Section        0  bsp_key.o(i.bsp_InitKeyHard)
    bsp_InitKeyHard                          0x080034f1   Thumb Code   204  bsp_key.o(i.bsp_InitKeyHard)
    i.bsp_InitKeyVar                         0x080035c4   Section        0  bsp_key.o(i.bsp_InitKeyVar)
    bsp_InitKeyVar                           0x080035c5   Thumb Code   112  bsp_key.o(i.bsp_InitKeyVar)
    i.bsp_InitLed                            0x0800363c   Section        0  bsp_led.o(i.bsp_InitLed)
    i.bsp_InitTimer                          0x08003658   Section        0  bsp_timer.o(i.bsp_InitTimer)
    i.bsp_InitUart                           0x08003700   Section        0  bsp_uart_fifo.o(i.bsp_InitUart)
    i.bsp_KeyScan10ms                        0x08003710   Section        0  bsp_key.o(i.bsp_KeyScan10ms)
    i.bsp_LedOff                             0x08003726   Section        0  bsp_led.o(i.bsp_LedOff)
    i.bsp_PutKey                             0x08003764   Section        0  bsp_key.o(i.bsp_PutKey)
    i.bsp_RCC_GPIO_Enable                    0x08003784   Section        0  bsp_tim_pwm.o(i.bsp_RCC_GPIO_Enable)
    i.bsp_RCC_TIM_Enable                     0x0800395c   Section        0  bsp_tim_pwm.o(i.bsp_RCC_TIM_Enable)
    i.bsp_RunPer10ms                         0x08003c00   Section        0  bsp.o(i.bsp_RunPer10ms)
    i.bsp_RunPer1ms                          0x08003c0c   Section        0  bsp.o(i.bsp_RunPer1ms)
    i.bsp_SetKeyParam                        0x08003c10   Section        0  bsp_key.o(i.bsp_SetKeyParam)
    i.bsp_SetTIMOutPWM                       0x08003c34   Section        0  bsp_tim_pwm.o(i.bsp_SetTIMOutPWM)
    i.bsp_SetUartParam                       0x08003dd8   Section        0  bsp_uart_fifo.o(i.bsp_SetUartParam)
    i.bsp_SoftTimerDec                       0x08003e30   Section        0  bsp_timer.o(i.bsp_SoftTimerDec)
    bsp_SoftTimerDec                         0x08003e31   Thumb Code    28  bsp_timer.o(i.bsp_SoftTimerDec)
    i.bsp_StartAutoTimer                     0x08003e4c   Section        0  bsp_timer.o(i.bsp_StartAutoTimer)
    i.comSendBuf                             0x08003ee8   Section        0  bsp_uart_fifo.o(i.comSendBuf)
    i.comSendChar                            0x08003f16   Section        0  bsp_uart_fifo.o(i.comSendChar)
    i.fputc                                  0x08003f26   Section        0  bsp_uart_fifo.o(i.fputc)
    i.main                                   0x08003f38   Section        0  main.o(i.main)
    .constdata                               0x08004170   Section       64  bsp_key.o(.constdata)
    s_gpio_list                              0x08004170   Data          64  bsp_key.o(.constdata)
    .constdata                               0x080041b0   Section       48  bsp_timer.o(.constdata)
    __FUNCTION__                             0x080041b0   Data          15  bsp_timer.o(.constdata)
    __FUNCTION__                             0x080041bf   Data          19  bsp_timer.o(.constdata)
    __FUNCTION__                             0x080041d2   Data          14  bsp_timer.o(.constdata)
    .constdata                               0x080041e0   Section       14  bsp_tim_pwm.o(.constdata)
    .constdata                               0x080041ee   Section       24  system_stm32f4xx.o(.constdata)
    .data                                    0x20000000   Section       30  bsp_timer.o(.data)
    s_TIM_CallBack1                          0x20000000   Data           4  bsp_timer.o(.data)
    s_TIM_CallBack2                          0x20000004   Data           4  bsp_timer.o(.data)
    s_TIM_CallBack3                          0x20000008   Data           4  bsp_timer.o(.data)
    s_TIM_CallBack4                          0x2000000c   Data           4  bsp_timer.o(.data)
    s_uiDelayCount                           0x20000010   Data           4  bsp_timer.o(.data)
    s_ucTimeOutFlag                          0x20000014   Data           1  bsp_timer.o(.data)
    g_ucEnableSystickISR                     0x2000001c   Data           1  bsp_timer.o(.data)
    s_count                                  0x2000001d   Data           1  bsp_timer.o(.data)
    .data                                    0x20000020   Section        4  bsp_fmc_io.o(.data)
    .data                                    0x20000024   Section        9  stm32f4xx_hal.o(.data)
    .data                                    0x20000030   Section        4  system_stm32f4xx.o(.data)
    .data                                    0x20000034   Section        4  segger_hardfaulthandler.o(.data)
    _Continue                                0x20000034   Data           4  segger_hardfaulthandler.o(.data)
    .data                                    0x20000038   Section        4  stdout.o(.data)
    .bss                                     0x2000003c   Section     4128  main.o(.bss)
    s_volt                                   0x2000003c   Data          16  main.o(.bss)
    s_dat                                    0x2000004c   Data          16  main.o(.bss)
    .bss                                     0x2000105c   Section      173  bsp_key.o(.bss)
    s_tBtn                                   0x2000105c   Data         160  bsp_key.o(.bss)
    s_tKey                                   0x200010fc   Data          13  bsp_key.o(.bss)
    .bss                                     0x2000110a   Section       14  bsp_beep.o(.bss)
    .bss                                     0x20001118   Section       48  bsp_timer.o(.bss)
    s_tTmr                                   0x20001118   Data          48  bsp_timer.o(.bss)
    .bss                                     0x20001148   Section     2092  bsp_uart_fifo.o(.bss)
    g_tUart1                                 0x20001148   Data          44  bsp_uart_fifo.o(.bss)
    g_TxBuf1                                 0x20001174   Data        1024  bsp_uart_fifo.o(.bss)
    g_RxBuf1                                 0x20001574   Data        1024  bsp_uart_fifo.o(.bss)
    .bss                                     0x20001974   Section     4122  bsp_fmc_ad7606.o(.bss)
    .bss                                     0x20002990   Section       64  segger_hardfaulthandler.o(.bss)
    HardFaultRegs                            0x20002990   Data          64  segger_hardfaulthandler.o(.bss)
    STACK                                    0x200029d0   Section     2048  startup_stm32f429xx.o(STACK)

    Global Symbols

    Symbol Name                              Value     Ov Type        Size  Object(Section)

    BuildAttributes$$THM_ISAv4$E$P$D$K$B$S$7EM$VFPi3$EXTD16$VFPS$VFMA$PE$A:L22UL41UL21$X:L11$S22US41US21$IEEE1$IW$USESV6$~STKCKD$USESV7$~SHL$OSPACE$ROPI$EBA8$MICROLIB$REQ8$PRES8$EABIv2 0x00000000   Number         0  anon$$obj.o ABSOLUTE
    __ARM_use_no_argv                        0x00000000   Number         0  main.o ABSOLUTE
    _printf_a                                0x00000000   Number         0  stubs.o ABSOLUTE
    _printf_c                                0x00000000   Number         0  stubs.o ABSOLUTE
    _printf_charcount                        0x00000000   Number         0  stubs.o ABSOLUTE
    _printf_d                                0x00000000   Number         0  stubs.o ABSOLUTE
    _printf_e                                0x00000000   Number         0  stubs.o ABSOLUTE
    _printf_f                                0x00000000   Number         0  stubs.o ABSOLUTE
    _printf_flags                            0x00000000   Number         0  stubs.o ABSOLUTE
    _printf_fp_dec                           0x00000000   Number         0  stubs.o ABSOLUTE
    _printf_fp_hex                           0x00000000   Number         0  stubs.o ABSOLUTE
    _printf_g                                0x00000000   Number         0  stubs.o ABSOLUTE
    _printf_i                                0x00000000   Number         0  stubs.o ABSOLUTE
    _printf_int_dec                          0x00000000   Number         0  stubs.o ABSOLUTE
    _printf_l                                0x00000000   Number         0  stubs.o ABSOLUTE
    _printf_lc                               0x00000000   Number         0  stubs.o ABSOLUTE
    _printf_ll                               0x00000000   Number         0  stubs.o ABSOLUTE
    _printf_lld                              0x00000000   Number         0  stubs.o ABSOLUTE
    _printf_lli                              0x00000000   Number         0  stubs.o ABSOLUTE
    _printf_llo                              0x00000000   Number         0  stubs.o ABSOLUTE
    _printf_llu                              0x00000000   Number         0  stubs.o ABSOLUTE
    _printf_llx                              0x00000000   Number         0  stubs.o ABSOLUTE
    _printf_longlong_dec                     0x00000000   Number         0  stubs.o ABSOLUTE
    _printf_longlong_hex                     0x00000000   Number         0  stubs.o ABSOLUTE
    _printf_longlong_oct                     0x00000000   Number         0  stubs.o ABSOLUTE
    _printf_ls                               0x00000000   Number         0  stubs.o ABSOLUTE
    _printf_mbtowc                           0x00000000   Number         0  stubs.o ABSOLUTE
    _printf_n                                0x00000000   Number         0  stubs.o ABSOLUTE
    _printf_o                                0x00000000   Number         0  stubs.o ABSOLUTE
    _printf_p                                0x00000000   Number         0  stubs.o ABSOLUTE
    _printf_percent                          0x00000000   Number         0  stubs.o ABSOLUTE
    _printf_pre_padding                      0x00000000   Number         0  stubs.o ABSOLUTE
    _printf_return_value                     0x00000000   Number         0  stubs.o ABSOLUTE
    _printf_s                                0x00000000   Number         0  stubs.o ABSOLUTE
    _printf_sizespec                         0x00000000   Number         0  stubs.o ABSOLUTE
    _printf_str                              0x00000000   Number         0  stubs.o ABSOLUTE
    _printf_truncate_signed                  0x00000000   Number         0  stubs.o ABSOLUTE
    _printf_truncate_unsigned                0x00000000   Number         0  stubs.o ABSOLUTE
    _printf_u                                0x00000000   Number         0  stubs.o ABSOLUTE
    _printf_wc                               0x00000000   Number         0  stubs.o ABSOLUTE
    _printf_wctomb                           0x00000000   Number         0  stubs.o ABSOLUTE
    _printf_widthprec                        0x00000000   Number         0  stubs.o ABSOLUTE
    _printf_x                                0x00000000   Number         0  stubs.o ABSOLUTE
    __cpp_initialize__aeabi_                  - Undefined Weak Reference
    __cxa_finalize                            - Undefined Weak Reference
    __decompress                              - Undefined Weak Reference
    _clock_init                               - Undefined Weak Reference
    _microlib_exit                            - Undefined Weak Reference
    __Vectors_Size                           0x000001ac   Number         0  startup_stm32f429xx.o ABSOLUTE
    __Vectors                                0x08000000   Data           4  startup_stm32f429xx.o(RESET)
    __Vectors_End                            0x080001ac   Data           0  startup_stm32f429xx.o(RESET)
    __main                                   0x080001ad   Thumb Code     0  entry.o(.ARM.Collect$$$$00000000)
    _main_stk                                0x080001ad   Thumb Code     0  entry2.o(.ARM.Collect$$$$00000001)
    _main_scatterload                        0x080001b1   Thumb Code     0  entry5.o(.ARM.Collect$$$$00000004)
    __main_after_scatterload                 0x080001b5   Thumb Code     0  entry5.o(.ARM.Collect$$$$00000004)
    _main_clock                              0x080001b5   Thumb Code     0  entry7b.o(.ARM.Collect$$$$00000008)
    _main_cpp_init                           0x080001b5   Thumb Code     0  entry8b.o(.ARM.Collect$$$$0000000A)
    _main_init                               0x080001b5   Thumb Code     0  entry9a.o(.ARM.Collect$$$$0000000B)
    __rt_final_cpp                           0x080001bd   Thumb Code     0  entry10a.o(.ARM.Collect$$$$0000000D)
    __rt_final_exit                          0x080001bd   Thumb Code     0  entry11a.o(.ARM.Collect$$$$0000000F)
    Reset_Handler                            0x080001c1   Thumb Code     8  startup_stm32f429xx.o(.text)
    ADC_IRQHandler                           0x080001db   Thumb Code     0  startup_stm32f429xx.o(.text)
    CAN1_RX0_IRQHandler                      0x080001db   Thumb Code     0  startup_stm32f429xx.o(.text)
    CAN1_RX1_IRQHandler                      0x080001db   Thumb Code     0  startup_stm32f429xx.o(.text)
    CAN1_SCE_IRQHandler                      0x080001db   Thumb Code     0  startup_stm32f429xx.o(.text)
    CAN1_TX_IRQHandler                       0x080001db   Thumb Code     0  startup_stm32f429xx.o(.text)
    CAN2_RX0_IRQHandler                      0x080001db   Thumb Code     0  startup_stm32f429xx.o(.text)
    CAN2_RX1_IRQHandler                      0x080001db   Thumb Code     0  startup_stm32f429xx.o(.text)
    CAN2_SCE_IRQHandler                      0x080001db   Thumb Code     0  startup_stm32f429xx.o(.text)
    CAN2_TX_IRQHandler                       0x080001db   Thumb Code     0  startup_stm32f429xx.o(.text)
    DCMI_IRQHandler                          0x080001db   Thumb Code     0  startup_stm32f429xx.o(.text)
    DMA1_Stream0_IRQHandler                  0x080001db   Thumb Code     0  startup_stm32f429xx.o(.text)
    DMA1_Stream1_IRQHandler                  0x080001db   Thumb Code     0  startup_stm32f429xx.o(.text)
    DMA1_Stream2_IRQHandler                  0x080001db   Thumb Code     0  startup_stm32f429xx.o(.text)
    DMA1_Stream3_IRQHandler                  0x080001db   Thumb Code     0  startup_stm32f429xx.o(.text)
    DMA1_Stream4_IRQHandler                  0x080001db   Thumb Code     0  startup_stm32f429xx.o(.text)
    DMA1_Stream5_IRQHandler                  0x080001db   Thumb Code     0  startup_stm32f429xx.o(.text)
    DMA1_Stream6_IRQHandler                  0x080001db   Thumb Code     0  startup_stm32f429xx.o(.text)
    DMA1_Stream7_IRQHandler                  0x080001db   Thumb Code     0  startup_stm32f429xx.o(.text)
    DMA2D_IRQHandler                         0x080001db   Thumb Code     0  startup_stm32f429xx.o(.text)
    DMA2_Stream0_IRQHandler                  0x080001db   Thumb Code     0  startup_stm32f429xx.o(.text)
    DMA2_Stream1_IRQHandler                  0x080001db   Thumb Code     0  startup_stm32f429xx.o(.text)
    DMA2_Stream2_IRQHandler                  0x080001db   Thumb Code     0  startup_stm32f429xx.o(.text)
    DMA2_Stream3_IRQHandler                  0x080001db   Thumb Code     0  startup_stm32f429xx.o(.text)
    DMA2_Stream4_IRQHandler                  0x080001db   Thumb Code     0  startup_stm32f429xx.o(.text)
    DMA2_Stream5_IRQHandler                  0x080001db   Thumb Code     0  startup_stm32f429xx.o(.text)
    DMA2_Stream6_IRQHandler                  0x080001db   Thumb Code     0  startup_stm32f429xx.o(.text)
    DMA2_Stream7_IRQHandler                  0x080001db   Thumb Code     0  startup_stm32f429xx.o(.text)
    ETH_IRQHandler                           0x080001db   Thumb Code     0  startup_stm32f429xx.o(.text)
    ETH_WKUP_IRQHandler                      0x080001db   Thumb Code     0  startup_stm32f429xx.o(.text)
    EXTI0_IRQHandler                         0x080001db   Thumb Code     0  startup_stm32f429xx.o(.text)
    EXTI15_10_IRQHandler                     0x080001db   Thumb Code     0  startup_stm32f429xx.o(.text)
    EXTI1_IRQHandler                         0x080001db   Thumb Code     0  startup_stm32f429xx.o(.text)
    EXTI2_IRQHandler                         0x080001db   Thumb Code     0  startup_stm32f429xx.o(.text)
    EXTI3_IRQHandler                         0x080001db   Thumb Code     0  startup_stm32f429xx.o(.text)
    EXTI4_IRQHandler                         0x080001db   Thumb Code     0  startup_stm32f429xx.o(.text)
    FLASH_IRQHandler                         0x080001db   Thumb Code     0  startup_stm32f429xx.o(.text)
    FMC_IRQHandler                           0x080001db   Thumb Code     0  startup_stm32f429xx.o(.text)
    FPU_IRQHandler                           0x080001db   Thumb Code     0  startup_stm32f429xx.o(.text)
    HASH_RNG_IRQHandler                      0x080001db   Thumb Code     0  startup_stm32f429xx.o(.text)
    I2C1_ER_IRQHandler                       0x080001db   Thumb Code     0  startup_stm32f429xx.o(.text)
    I2C1_EV_IRQHandler                       0x080001db   Thumb Code     0  startup_stm32f429xx.o(.text)
    I2C2_ER_IRQHandler                       0x080001db   Thumb Code     0  startup_stm32f429xx.o(.text)
    I2C2_EV_IRQHandler                       0x080001db   Thumb Code     0  startup_stm32f429xx.o(.text)
    I2C3_ER_IRQHandler                       0x080001db   Thumb Code     0  startup_stm32f429xx.o(.text)
    I2C3_EV_IRQHandler                       0x080001db   Thumb Code     0  startup_stm32f429xx.o(.text)
    LTDC_ER_IRQHandler                       0x080001db   Thumb Code     0  startup_stm32f429xx.o(.text)
    LTDC_IRQHandler                          0x080001db   Thumb Code     0  startup_stm32f429xx.o(.text)
    OTG_FS_IRQHandler                        0x080001db   Thumb Code     0  startup_stm32f429xx.o(.text)
    OTG_FS_WKUP_IRQHandler                   0x080001db   Thumb Code     0  startup_stm32f429xx.o(.text)
    OTG_HS_EP1_IN_IRQHandler                 0x080001db   Thumb Code     0  startup_stm32f429xx.o(.text)
    OTG_HS_EP1_OUT_IRQHandler                0x080001db   Thumb Code     0  startup_stm32f429xx.o(.text)
    OTG_HS_IRQHandler                        0x080001db   Thumb Code     0  startup_stm32f429xx.o(.text)
    OTG_HS_WKUP_IRQHandler                   0x080001db   Thumb Code     0  startup_stm32f429xx.o(.text)
    PVD_IRQHandler                           0x080001db   Thumb Code     0  startup_stm32f429xx.o(.text)
    RCC_IRQHandler                           0x080001db   Thumb Code     0  startup_stm32f429xx.o(.text)
    RTC_Alarm_IRQHandler                     0x080001db   Thumb Code     0  startup_stm32f429xx.o(.text)
    RTC_WKUP_IRQHandler                      0x080001db   Thumb Code     0  startup_stm32f429xx.o(.text)
    SAI1_IRQHandler                          0x080001db   Thumb Code     0  startup_stm32f429xx.o(.text)
    SDIO_IRQHandler                          0x080001db   Thumb Code     0  startup_stm32f429xx.o(.text)
    SPI1_IRQHandler                          0x080001db   Thumb Code     0  startup_stm32f429xx.o(.text)
    SPI2_IRQHandler                          0x080001db   Thumb Code     0  startup_stm32f429xx.o(.text)
    SPI3_IRQHandler                          0x080001db   Thumb Code     0  startup_stm32f429xx.o(.text)
    SPI4_IRQHandler                          0x080001db   Thumb Code     0  startup_stm32f429xx.o(.text)
    SPI5_IRQHandler                          0x080001db   Thumb Code     0  startup_stm32f429xx.o(.text)
    SPI6_IRQHandler                          0x080001db   Thumb Code     0  startup_stm32f429xx.o(.text)
    TAMP_STAMP_IRQHandler                    0x080001db   Thumb Code     0  startup_stm32f429xx.o(.text)
    TIM1_BRK_TIM9_IRQHandler                 0x080001db   Thumb Code     0  startup_stm32f429xx.o(.text)
    TIM1_CC_IRQHandler                       0x080001db   Thumb Code     0  startup_stm32f429xx.o(.text)
    TIM1_TRG_COM_TIM11_IRQHandler            0x080001db   Thumb Code     0  startup_stm32f429xx.o(.text)
    TIM1_UP_TIM10_IRQHandler                 0x080001db   Thumb Code     0  startup_stm32f429xx.o(.text)
    TIM3_IRQHandler                          0x080001db   Thumb Code     0  startup_stm32f429xx.o(.text)
    TIM4_IRQHandler                          0x080001db   Thumb Code     0  startup_stm32f429xx.o(.text)
    TIM5_IRQHandler                          0x080001db   Thumb Code     0  startup_stm32f429xx.o(.text)
    TIM6_DAC_IRQHandler                      0x080001db   Thumb Code     0  startup_stm32f429xx.o(.text)
    TIM7_IRQHandler                          0x080001db   Thumb Code     0  startup_stm32f429xx.o(.text)
    TIM8_BRK_TIM12_IRQHandler                0x080001db   Thumb Code     0  startup_stm32f429xx.o(.text)
    TIM8_CC_IRQHandler                       0x080001db   Thumb Code     0  startup_stm32f429xx.o(.text)
    TIM8_TRG_COM_TIM14_IRQHandler            0x080001db   Thumb Code     0  startup_stm32f429xx.o(.text)
    TIM8_UP_TIM13_IRQHandler                 0x080001db   Thumb Code     0  startup_stm32f429xx.o(.text)
    UART4_IRQHandler                         0x080001db   Thumb Code     0  startup_stm32f429xx.o(.text)
    UART5_IRQHandler                         0x080001db   Thumb Code     0  startup_stm32f429xx.o(.text)
    UART7_IRQHandler                         0x080001db   Thumb Code     0  startup_stm32f429xx.o(.text)
    UART8_IRQHandler                         0x080001db   Thumb Code     0  startup_stm32f429xx.o(.text)
    USART2_IRQHandler                        0x080001db   Thumb Code     0  startup_stm32f429xx.o(.text)
    USART3_IRQHandler                        0x080001db   Thumb Code     0  startup_stm32f429xx.o(.text)
    USART6_IRQHandler                        0x080001db   Thumb Code     0  startup_stm32f429xx.o(.text)
    WWDG_IRQHandler                          0x080001db   Thumb Code     0  startup_stm32f429xx.o(.text)
    __aeabi_uldivmod                         0x080001e5   Thumb Code    98  uldiv.o(.text)
    __aeabi_memcpy                           0x08000247   Thumb Code    36  memcpya.o(.text)
    __aeabi_memcpy4                          0x08000247   Thumb Code     0  memcpya.o(.text)
    __aeabi_memcpy8                          0x08000247   Thumb Code     0  memcpya.o(.text)
    __aeabi_memset                           0x0800026b   Thumb Code    14  memseta.o(.text)
    __aeabi_memset4                          0x0800026b   Thumb Code     0  memseta.o(.text)
    __aeabi_memset8                          0x0800026b   Thumb Code     0  memseta.o(.text)
    __aeabi_memclr                           0x08000279   Thumb Code     4  memseta.o(.text)
    __aeabi_memclr4                          0x08000279   Thumb Code     0  memseta.o(.text)
    __aeabi_memclr8                          0x08000279   Thumb Code     0  memseta.o(.text)
    _memset$wrapper                          0x0800027d   Thumb Code    18  memseta.o(.text)
    __aeabi_llsl                             0x0800028f   Thumb Code    30  llshl.o(.text)
    _ll_shift_l                              0x0800028f   Thumb Code     0  llshl.o(.text)
    __aeabi_llsr                             0x080002ad   Thumb Code    32  llushr.o(.text)
    _ll_ushift_r                             0x080002ad   Thumb Code     0  llushr.o(.text)
    __scatterload                            0x080002cd   Thumb Code    28  init.o(.text)
    __scatterload_rt2                        0x080002cd   Thumb Code     0  init.o(.text)
    HardFault_Handler                        0x080002f1   Thumb Code     0  hardfaulthandler.o(OSKERNEL)
    AD7606_EnterAutoMode                     0x08000529   Thumb Code    98  bsp_fmc_ad7606.o(i.AD7606_EnterAutoMode)
    AD7606_ISR                               0x08000641   Thumb Code    86  bsp_fmc_ad7606.o(i.AD7606_ISR)
    AD7606_ReadNowAdc                        0x0800070d   Thumb Code    82  bsp_fmc_ad7606.o(i.AD7606_ReadNowAdc)
    AD7606_Reset                             0x08000769   Thumb Code    56  bsp_fmc_ad7606.o(i.AD7606_Reset)
    AD7606_SetInputRange                     0x080007a1   Thumb Code    40  bsp_fmc_ad7606.o(i.AD7606_SetInputRange)
    AD7606_SetOS                             0x080007cd   Thumb Code   242  bsp_fmc_ad7606.o(i.AD7606_SetOS)
    AD7606_StartConvst                       0x080008c5   Thumb Code    44  bsp_fmc_ad7606.o(i.AD7606_StartConvst)
    AD7606_StartRecord                       0x080008f5   Thumb Code    36  bsp_fmc_ad7606.o(i.AD7606_StartRecord)
    AD7606_StopRecord                        0x0800091d   Thumb Code    90  bsp_fmc_ad7606.o(i.AD7606_StopRecord)
    BEEP_InitHard                            0x08000985   Thumb Code     8  bsp_beep.o(i.BEEP_InitHard)
    BEEP_Pro                                 0x08000991   Thumb Code   198  bsp_beep.o(i.BEEP_Pro)
    BusFault_Handler                         0x08000a65   Thumb Code     4  stm32f4xx_it.o(i.BusFault_Handler)
    ComToUart                                0x08000a69   Thumb Code    80  bsp_uart_fifo.o(i.ComToUart)
    DebugMon_Handler                         0x08000ae1   Thumb Code     2  stm32f4xx_it.o(i.DebugMon_Handler)
    EXTI9_5_IRQHandler                       0x08000ae3   Thumb Code    10  bsp_fmc_ad7606.o(i.EXTI9_5_IRQHandler)
    Error_Handler                            0x08000aed   Thumb Code     8  bsp.o(i.Error_Handler)
    FMC_NORSRAM_Extended_Timing_Init         0x08000af5   Thumb Code    66  stm32f4xx_ll_fmc.o(i.FMC_NORSRAM_Extended_Timing_Init)
    FMC_NORSRAM_Init                         0x08000b3d   Thumb Code   112  stm32f4xx_ll_fmc.o(i.FMC_NORSRAM_Init)
    FMC_NORSRAM_Timing_Init                  0x08000bb1   Thumb Code    98  stm32f4xx_ll_fmc.o(i.FMC_NORSRAM_Timing_Init)
    HAL_EnableCompensationCell               0x08000c15   Thumb Code     8  stm32f4xx_hal.o(i.HAL_EnableCompensationCell)
    HAL_GPIO_EXTI_Callback                   0x08000c21   Thumb Code    10  bsp_fmc_ad7606.o(i.HAL_GPIO_EXTI_Callback)
    HAL_GPIO_EXTI_IRQHandler                 0x08000c2d   Thumb Code    24  stm32f4xx_hal_gpio.o(i.HAL_GPIO_EXTI_IRQHandler)
    HAL_GPIO_Init                            0x08000c49   Thumb Code   486  stm32f4xx_hal_gpio.o(i.HAL_GPIO_Init)
    HAL_GPIO_WritePin                        0x08000e65   Thumb Code    12  stm32f4xx_hal_gpio.o(i.HAL_GPIO_WritePin)
    HAL_GetTick                              0x08000e71   Thumb Code     6  stm32f4xx_hal.o(i.HAL_GetTick)
    HAL_IncTick                              0x08000e7d   Thumb Code    16  stm32f4xx_hal.o(i.HAL_IncTick)
    HAL_Init                                 0x08000e95   Thumb Code    54  stm32f4xx_hal.o(i.HAL_Init)
    HAL_InitTick                             0x08000ed1   Thumb Code    64  stm32f4xx_hal.o(i.HAL_InitTick)
    HAL_MspInit                              0x08000f1d   Thumb Code     2  stm32f4xx_hal.o(i.HAL_MspInit)
    HAL_NVIC_EnableIRQ                       0x08000f1f   Thumb Code    32  stm32f4xx_hal_cortex.o(i.HAL_NVIC_EnableIRQ)
    HAL_NVIC_SetPriority                     0x08000f3f   Thumb Code   124  stm32f4xx_hal_cortex.o(i.HAL_NVIC_SetPriority)
    HAL_NVIC_SetPriorityGrouping             0x08000fbd   Thumb Code    32  stm32f4xx_hal_cortex.o(i.HAL_NVIC_SetPriorityGrouping)
    HAL_RCC_ClockConfig                      0x08000fe5   Thumb Code   366  stm32f4xx_hal_rcc.o(i.HAL_RCC_ClockConfig)
    HAL_RCC_GetHCLKFreq                      0x08001165   Thumb Code     6  stm32f4xx_hal_rcc.o(i.HAL_RCC_GetHCLKFreq)
    HAL_RCC_GetPCLK1Freq                     0x08001171   Thumb Code    22  stm32f4xx_hal_rcc.o(i.HAL_RCC_GetPCLK1Freq)
    HAL_RCC_GetPCLK2Freq                     0x08001191   Thumb Code    22  stm32f4xx_hal_rcc.o(i.HAL_RCC_GetPCLK2Freq)
    HAL_RCC_GetSysClockFreq                  0x080011b1   Thumb Code   162  stm32f4xx_hal_rcc.o(i.HAL_RCC_GetSysClockFreq)
    HAL_RCC_OscConfig                        0x08001261   Thumb Code  1086  stm32f4xx_hal_rcc.o(i.HAL_RCC_OscConfig)
    HAL_SRAM_Init                            0x080016a9   Thumb Code    88  stm32f4xx_hal_sram.o(i.HAL_SRAM_Init)
    HAL_SRAM_MspInit                         0x08001701   Thumb Code     2  stm32f4xx_hal_sram.o(i.HAL_SRAM_MspInit)
    HAL_SYSTICK_Config                       0x08001703   Thumb Code    52  stm32f4xx_hal_cortex.o(i.HAL_SYSTICK_Config)
    HAL_TIM_Base_Init                        0x08001737   Thumb Code    52  stm32f4xx_hal_tim.o(i.HAL_TIM_Base_Init)
    HAL_TIM_Base_MspInit                     0x0800176b   Thumb Code     2  stm32f4xx_hal_tim.o(i.HAL_TIM_Base_MspInit)
    HAL_TIM_Base_Start                       0x0800176d   Thumb Code    42  stm32f4xx_hal_tim.o(i.HAL_TIM_Base_Start)
    HAL_TIM_PWM_ConfigChannel                0x08001797   Thumb Code   264  stm32f4xx_hal_tim.o(i.HAL_TIM_PWM_ConfigChannel)
    HAL_TIM_PWM_DeInit                       0x0800189f   Thumb Code    70  stm32f4xx_hal_tim.o(i.HAL_TIM_PWM_DeInit)
    HAL_TIM_PWM_Init                         0x080018e5   Thumb Code    52  stm32f4xx_hal_tim.o(i.HAL_TIM_PWM_Init)
    HAL_TIM_PWM_MspDeInit                    0x08001919   Thumb Code     2  stm32f4xx_hal_tim.o(i.HAL_TIM_PWM_MspDeInit)
    HAL_TIM_PWM_MspInit                      0x0800191b   Thumb Code     2  stm32f4xx_hal_tim.o(i.HAL_TIM_PWM_MspInit)
    HAL_TIM_PWM_Start                        0x0800191d   Thumb Code    80  stm32f4xx_hal_tim.o(i.HAL_TIM_PWM_Start)
    HAL_UART_Init                            0x08001975   Thumb Code   114  stm32f4xx_hal_uart.o(i.HAL_UART_Init)
    HAL_UART_MspInit                         0x080019e7   Thumb Code     2  stm32f4xx_hal_uart.o(i.HAL_UART_MspInit)
    HC574_SetPin                             0x08001bb9   Thumb Code    34  bsp_fmc_io.o(i.HC574_SetPin)
    HardFaultHandler                         0x08001be5   Thumb Code   202  segger_hardfaulthandler.o(i.HardFaultHandler)
    MemManage_Handler                        0x08001e7d   Thumb Code     4  stm32f4xx_it.o(i.MemManage_Handler)
    NMI_Handler                              0x08001e81   Thumb Code     2  stm32f4xx_it.o(i.NMI_Handler)
    PendSV_Handler                           0x08001e83   Thumb Code     2  stm32f4xx_it.o(i.PendSV_Handler)
    PrintfHelp                               0x08001e85   Thumb Code    58  disp.o(i.PrintfHelp)
    PrintfLogo                               0x08002051   Thumb Code    80  disp.o(i.PrintfLogo)
    RS485_InitTXE                            0x08002165   Thumb Code    64  bsp_uart_fifo.o(i.RS485_InitTXE)
    SVC_Handler                              0x080021ad   Thumb Code     2  stm32f4xx_it.o(i.SVC_Handler)
    SysTick_Handler                          0x080021b1   Thumb Code    22  bsp_timer.o(i.SysTick_Handler)
    SysTick_ISR                              0x080021cd   Thumb Code   110  bsp_timer.o(i.SysTick_ISR)
    SystemInit                               0x0800233d   Thumb Code    82  system_stm32f4xx.o(i.SystemInit)
    TIM2_IRQHandler                          0x080023a1   Thumb Code   164  bsp_timer.o(i.TIM2_IRQHandler)
    TIM_Base_SetConfig                       0x08002455   Thumb Code   170  stm32f4xx_hal_tim.o(i.TIM_Base_SetConfig)
    TIM_CCxChannelCmd                        0x0800252d   Thumb Code    34  stm32f4xx_hal_tim.o(i.TIM_CCxChannelCmd)
    TIM_OC2_SetConfig                        0x080025c1   Thumb Code   114  stm32f4xx_hal_tim.o(i.TIM_OC2_SetConfig)
    USART1_IRQHandler                        0x08002a71   Thumb Code    10  bsp_uart_fifo.o(i.USART1_IRQHandler)
    UsageFault_Handler                       0x08002c49   Thumb Code     4  stm32f4xx_it.o(i.UsageFault_Handler)
    __0printf$8                              0x08002c4d   Thumb Code    22  printf8.o(i.__0printf$8)
    __1printf$8                              0x08002c4d   Thumb Code     0  printf8.o(i.__0printf$8)
    __2printf                                0x08002c4d   Thumb Code     0  printf8.o(i.__0printf$8)
    __scatterload_copy                       0x08002ca5   Thumb Code    14  handlers.o(i.__scatterload_copy)
    __scatterload_null                       0x08002cb3   Thumb Code     2  handlers.o(i.__scatterload_null)
    __scatterload_zeroinit                   0x08002cb5   Thumb Code    14  handlers.o(i.__scatterload_zeroinit)
    bsp_CheckTimer                           0x08003135   Thumb Code    48  bsp_timer.o(i.bsp_CheckTimer)
    bsp_ConfigGpioOut                        0x08003169   Thumb Code    40  bsp_tim_pwm.o(i.bsp_ConfigGpioOut)
    bsp_ConfigTimGpio                        0x08003191   Thumb Code    56  bsp_tim_pwm.o(i.bsp_ConfigTimGpio)
    bsp_GetAFofTIM                           0x08003295   Thumb Code   138  bsp_tim_pwm.o(i.bsp_GetAFofTIM)
    bsp_GetKey                               0x08003371   Thumb Code    46  bsp_key.o(i.bsp_GetKey)
    bsp_Idle                                 0x080033a5   Thumb Code     2  bsp.o(i.bsp_Idle)
    bsp_Init                                 0x080033a7   Thumb Code    40  bsp.o(i.bsp_Init)
    bsp_InitAD7606                           0x080033d1   Thumb Code    38  bsp_fmc_ad7606.o(i.bsp_InitAD7606)
    bsp_InitExtIO                            0x080033fd   Thumb Code    28  bsp_fmc_io.o(i.bsp_InitExtIO)
    bsp_InitHardTimer                        0x08003421   Thumb Code   148  bsp_timer.o(i.bsp_InitHardTimer)
    bsp_InitKey                              0x080034e5   Thumb Code    12  bsp_key.o(i.bsp_InitKey)
    bsp_InitLed                              0x0800363d   Thumb Code    28  bsp_led.o(i.bsp_InitLed)
    bsp_InitTimer                            0x08003659   Thumb Code   146  bsp_timer.o(i.bsp_InitTimer)
    bsp_InitUart                             0x08003701   Thumb Code    16  bsp_uart_fifo.o(i.bsp_InitUart)
    bsp_KeyScan10ms                          0x08003711   Thumb Code    22  bsp_key.o(i.bsp_KeyScan10ms)
    bsp_LedOff                               0x08003727   Thumb Code    60  bsp_led.o(i.bsp_LedOff)
    bsp_PutKey                               0x08003765   Thumb Code    28  bsp_key.o(i.bsp_PutKey)
    bsp_RCC_GPIO_Enable                      0x08003785   Thumb Code   422  bsp_tim_pwm.o(i.bsp_RCC_GPIO_Enable)
    bsp_RCC_TIM_Enable                       0x0800395d   Thumb Code   582  bsp_tim_pwm.o(i.bsp_RCC_TIM_Enable)
    bsp_RunPer10ms                           0x08003c01   Thumb Code    12  bsp.o(i.bsp_RunPer10ms)
    bsp_RunPer1ms                            0x08003c0d   Thumb Code     2  bsp.o(i.bsp_RunPer1ms)
    bsp_SetKeyParam                          0x08003c11   Thumb Code    30  bsp_key.o(i.bsp_SetKeyParam)
    bsp_SetTIMOutPWM                         0x08003c35   Thumb Code   354  bsp_tim_pwm.o(i.bsp_SetTIMOutPWM)
    bsp_SetUartParam                         0x08003dd9   Thumb Code    52  bsp_uart_fifo.o(i.bsp_SetUartParam)
    bsp_StartAutoTimer                       0x08003e4d   Thumb Code    84  bsp_timer.o(i.bsp_StartAutoTimer)
    comSendBuf                               0x08003ee9   Thumb Code    46  bsp_uart_fifo.o(i.comSendBuf)
    comSendChar                              0x08003f17   Thumb Code    16  bsp_uart_fifo.o(i.comSendChar)
    fputc                                    0x08003f27   Thumb Code    18  bsp_uart_fifo.o(i.fputc)
    main                                     0x08003f39   Thumb Code   348  main.o(i.main)
    AHBPrescTable                            0x080041ee   Data          16  system_stm32f4xx.o(.constdata)
    APBPrescTable                            0x080041fe   Data           8  system_stm32f4xx.o(.constdata)
    Region$$Table$$Base                      0x08004208   Number         0  anon$$obj.o(Region$$Table)
    Region$$Table$$Limit                     0x08004228   Number         0  anon$$obj.o(Region$$Table)
    g_iRunTime                               0x20000018   Data           4  bsp_timer.o(.data)
    g_HC574                                  0x20000020   Data           4  bsp_fmc_io.o(.data)
    uwTick                                   0x20000024   Data           4  stm32f4xx_hal.o(.data)
    uwTickPrio                               0x20000028   Data           4  stm32f4xx_hal.o(.data)
    uwTickFreq                               0x2000002c   Data           1  stm32f4xx_hal.o(.data)
    SystemCoreClock                          0x20000030   Data           4  system_stm32f4xx.o(.data)
    __stdout                                 0x20000038   Data           4  stdout.o(.data)
    g_DataBuf                                0x2000005c   Data        4096  main.o(.bss)
    g_tBeep                                  0x2000110a   Data          14  bsp_beep.o(.bss)
    g_tAD7606                                0x20001974   Data          18  bsp_fmc_ad7606.o(.bss)
    g_tAdcFifo                               0x20001986   Data        4104  bsp_fmc_ad7606.o(.bss)
    __initial_sp                             0x200031d0   Data           0  startup_stm32f429xx.o(STACK)



==============================================================================

Memory Map of the image

  Image Entry point : 0x080001ad

  Load Region LR_IROM1 (Base: 0x08000000, Size: 0x00004264, Max: 0x00200000, ABSOLUTE)

    Execution Region ER_IROM1 (Base: 0x08000000, Size: 0x00004228, Max: 0x00200000, ABSOLUTE)

    Base Addr    Size         Type   Attr      Idx    E Section Name        Object

    0x08000000   0x000001ac   Data   RO         1252    RESET               startup_stm32f429xx.o
    0x080001ac   0x00000000   Code   RO         3977  * .ARM.Collect$$$$00000000  mc_w.l(entry.o)
    0x080001ac   0x00000004   Code   RO         4251    .ARM.Collect$$$$00000001  mc_w.l(entry2.o)
    0x080001b0   0x00000004   Code   RO         4254    .ARM.Collect$$$$00000004  mc_w.l(entry5.o)
    0x080001b4   0x00000000   Code   RO         4256    .ARM.Collect$$$$00000008  mc_w.l(entry7b.o)
    0x080001b4   0x00000000   Code   RO         4258    .ARM.Collect$$$$0000000A  mc_w.l(entry8b.o)
    0x080001b4   0x00000008   Code   RO         4259    .ARM.Collect$$$$0000000B  mc_w.l(entry9a.o)
    0x080001bc   0x00000000   Code   RO         4261    .ARM.Collect$$$$0000000D  mc_w.l(entry10a.o)
    0x080001bc   0x00000000   Code   RO         4263    .ARM.Collect$$$$0000000F  mc_w.l(entry11a.o)
    0x080001bc   0x00000004   Code   RO         4252    .ARM.Collect$$$$00002712  mc_w.l(entry2.o)
    0x080001c0   0x00000024   Code   RO         1253    .text               startup_stm32f429xx.o
    0x080001e4   0x00000062   Code   RO         3980    .text               mc_w.l(uldiv.o)
    0x08000246   0x00000024   Code   RO         3982    .text               mc_w.l(memcpya.o)
    0x0800026a   0x00000024   Code   RO         3984    .text               mc_w.l(memseta.o)
    0x0800028e   0x0000001e   Code   RO         4268    .text               mc_w.l(llshl.o)
    0x080002ac   0x00000020   Code   RO         4270    .text               mc_w.l(llushr.o)
    0x080002cc   0x00000024   Code   RO         4283    .text               mc_w.l(init.o)
    0x080002f0   0x00000012   Code   RO         3947    OSKERNEL            hardfaulthandler.o
    0x08000302   0x00000002   PAD
    0x08000304   0x000000d0   Code   RO         1075    i.AD7606_CtrlLinesConfig  bsp_fmc_ad7606.o
    0x080003d4   0x00000154   Code   RO            4    i.AD7606_Disp       main.o
    0x08000528   0x00000078   Code   RO         1076    i.AD7606_EnterAutoMode  bsp_fmc_ad7606.o
    0x080005a0   0x000000a0   Code   RO         1077    i.AD7606_FSMCConfig  bsp_fmc_ad7606.o
    0x08000640   0x00000060   Code   RO         1080    i.AD7606_ISR        bsp_fmc_ad7606.o
    0x080006a0   0x0000006c   Code   RO            5    i.AD7606_Mak        main.o
    0x0800070c   0x0000005c   Code   RO         1082    i.AD7606_ReadNowAdc  bsp_fmc_ad7606.o
    0x08000768   0x00000038   Code   RO         1083    i.AD7606_Reset      bsp_fmc_ad7606.o
    0x080007a0   0x0000002c   Code   RO         1084    i.AD7606_SetInputRange  bsp_fmc_ad7606.o
    0x080007cc   0x000000f8   Code   RO         1085    i.AD7606_SetOS      bsp_fmc_ad7606.o
    0x080008c4   0x00000030   Code   RO         1086    i.AD7606_StartConvst  bsp_fmc_ad7606.o
    0x080008f4   0x00000028   Code   RO         1087    i.AD7606_StartRecord  bsp_fmc_ad7606.o
    0x0800091c   0x00000068   Code   RO         1088    i.AD7606_StopRecord  bsp_fmc_ad7606.o
    0x08000984   0x0000000c   Code   RO          512    i.BEEP_InitHard     bsp_beep.o
    0x08000990   0x000000d4   Code   RO          515    i.BEEP_Pro          bsp_beep.o
    0x08000a64   0x00000004   Code   RO          945    i.BusFault_Handler  stm32f4xx_it.o
    0x08000a68   0x00000078   Code   RO          764    i.ComToUart         bsp_uart_fifo.o
    0x08000ae0   0x00000002   Code   RO          946    i.DebugMon_Handler  stm32f4xx_it.o
    0x08000ae2   0x0000000a   Code   RO         1089    i.EXTI9_5_IRQHandler  bsp_fmc_ad7606.o
    0x08000aec   0x00000008   Code   RO          306    i.Error_Handler     bsp.o
    0x08000af4   0x00000048   Code   RO         3114    i.FMC_NORSRAM_Extended_Timing_Init  stm32f4xx_ll_fmc.o
    0x08000b3c   0x00000074   Code   RO         3115    i.FMC_NORSRAM_Init  stm32f4xx_ll_fmc.o
    0x08000bb0   0x00000062   Code   RO         3116    i.FMC_NORSRAM_Timing_Init  stm32f4xx_ll_fmc.o
    0x08000c12   0x00000002   PAD
    0x08000c14   0x0000000c   Code   RO         1270    i.HAL_EnableCompensationCell  stm32f4xx_hal.o
    0x08000c20   0x0000000a   Code   RO         1090    i.HAL_GPIO_EXTI_Callback  bsp_fmc_ad7606.o
    0x08000c2a   0x00000002   PAD
    0x08000c2c   0x0000001c   Code   RO         1921    i.HAL_GPIO_EXTI_IRQHandler  stm32f4xx_hal_gpio.o
    0x08000c48   0x0000021c   Code   RO         1922    i.HAL_GPIO_Init     stm32f4xx_hal_gpio.o
    0x08000e64   0x0000000c   Code   RO         1926    i.HAL_GPIO_WritePin  stm32f4xx_hal_gpio.o
    0x08000e70   0x0000000c   Code   RO         1275    i.HAL_GetTick       stm32f4xx_hal.o
    0x08000e7c   0x00000018   Code   RO         1281    i.HAL_IncTick       stm32f4xx_hal.o
    0x08000e94   0x0000003c   Code   RO         1282    i.HAL_Init          stm32f4xx_hal.o
    0x08000ed0   0x0000004c   Code   RO         1283    i.HAL_InitTick      stm32f4xx_hal.o
    0x08000f1c   0x00000002   Code   RO         1285    i.HAL_MspInit       stm32f4xx_hal.o
    0x08000f1e   0x00000020   Code   RO         1666    i.HAL_NVIC_EnableIRQ  stm32f4xx_hal_cortex.o
    0x08000f3e   0x0000007c   Code   RO         1672    i.HAL_NVIC_SetPriority  stm32f4xx_hal_cortex.o
    0x08000fba   0x00000002   PAD
    0x08000fbc   0x00000028   Code   RO         1673    i.HAL_NVIC_SetPriorityGrouping  stm32f4xx_hal_cortex.o
    0x08000fe4   0x00000180   Code   RO         1986    i.HAL_RCC_ClockConfig  stm32f4xx_hal_rcc.o
    0x08001164   0x0000000c   Code   RO         1991    i.HAL_RCC_GetHCLKFreq  stm32f4xx_hal_rcc.o
    0x08001170   0x00000020   Code   RO         1993    i.HAL_RCC_GetPCLK1Freq  stm32f4xx_hal_rcc.o
    0x08001190   0x00000020   Code   RO         1994    i.HAL_RCC_GetPCLK2Freq  stm32f4xx_hal_rcc.o
    0x080011b0   0x000000b0   Code   RO         1995    i.HAL_RCC_GetSysClockFreq  stm32f4xx_hal_rcc.o
    0x08001260   0x00000448   Code   RO         1998    i.HAL_RCC_OscConfig  stm32f4xx_hal_rcc.o
    0x080016a8   0x00000058   Code   RO         3396    i.HAL_SRAM_Init     stm32f4xx_hal_sram.o
    0x08001700   0x00000002   Code   RO         3398    i.HAL_SRAM_MspInit  stm32f4xx_hal_sram.o
    0x08001702   0x00000034   Code   RO         1677    i.HAL_SYSTICK_Config  stm32f4xx_hal_cortex.o
    0x08001736   0x00000034   Code   RO         2089    i.HAL_TIM_Base_Init  stm32f4xx_hal_tim.o
    0x0800176a   0x00000002   Code   RO         2091    i.HAL_TIM_Base_MspInit  stm32f4xx_hal_tim.o
    0x0800176c   0x0000002a   Code   RO         2092    i.HAL_TIM_Base_Start  stm32f4xx_hal_tim.o
    0x08001796   0x00000108   Code   RO         2156    i.HAL_TIM_PWM_ConfigChannel  stm32f4xx_hal_tim.o
    0x0800189e   0x00000046   Code   RO         2157    i.HAL_TIM_PWM_DeInit  stm32f4xx_hal_tim.o
    0x080018e4   0x00000034   Code   RO         2159    i.HAL_TIM_PWM_Init  stm32f4xx_hal_tim.o
    0x08001918   0x00000002   Code   RO         2160    i.HAL_TIM_PWM_MspDeInit  stm32f4xx_hal_tim.o
    0x0800191a   0x00000002   Code   RO         2161    i.HAL_TIM_PWM_MspInit  stm32f4xx_hal_tim.o
    0x0800191c   0x00000058   Code   RO         2164    i.HAL_TIM_PWM_Start  stm32f4xx_hal_tim.o
    0x08001974   0x00000072   Code   RO         2800    i.HAL_UART_Init     stm32f4xx_hal_uart.o
    0x080019e6   0x00000002   Code   RO         2802    i.HAL_UART_MspInit  stm32f4xx_hal_uart.o
    0x080019e8   0x0000009c   Code   RO          699    i.HC574_ConfigFMC   bsp_fmc_io.o
    0x08001a84   0x00000134   Code   RO          700    i.HC574_ConfigGPIO  bsp_fmc_io.o
    0x08001bb8   0x0000002c   Code   RO          702    i.HC574_SetPin      bsp_fmc_io.o
    0x08001be4   0x00000108   Code   RO         3953    i.HardFaultHandler  segger_hardfaulthandler.o
    0x08001cec   0x000000e4   Code   RO          765    i.InitHardUart      bsp_uart_fifo.o
    0x08001dd0   0x00000076   Code   RO          359    i.IsKeyDownFunc     bsp_key.o
    0x08001e46   0x00000002   PAD
    0x08001e48   0x00000034   Code   RO          360    i.KeyPinActive      bsp_key.o
    0x08001e7c   0x00000004   Code   RO          947    i.MemManage_Handler  stm32f4xx_it.o
    0x08001e80   0x00000002   Code   RO          948    i.NMI_Handler       stm32f4xx_it.o
    0x08001e82   0x00000002   Code   RO          949    i.PendSV_Handler    stm32f4xx_it.o
    0x08001e84   0x000001cc   Code   RO         1223    i.PrintfHelp        disp.o
    0x08002050   0x00000114   Code   RO         1224    i.PrintfLogo        disp.o
    0x08002164   0x00000048   Code   RO          766    i.RS485_InitTXE     bsp_uart_fifo.o
    0x080021ac   0x00000002   Code   RO          950    i.SVC_Handler       stm32f4xx_it.o
    0x080021ae   0x00000002   PAD
    0x080021b0   0x0000001c   Code   RO          575    i.SysTick_Handler   bsp_timer.o
    0x080021cc   0x00000084   Code   RO          576    i.SysTick_ISR       bsp_timer.o
    0x08002250   0x000000ec   Code   RO          307    i.SystemClock_Config  bsp.o
    0x0800233c   0x00000064   Code   RO         3914    i.SystemInit        system_stm32f4xx.o
    0x080023a0   0x000000b4   Code   RO          577    i.TIM2_IRQHandler   bsp_timer.o
    0x08002454   0x000000d8   Code   RO         2177    i.TIM_Base_SetConfig  stm32f4xx_hal_tim.o
    0x0800252c   0x00000022   Code   RO         2178    i.TIM_CCxChannelCmd  stm32f4xx_hal_tim.o
    0x0800254e   0x00000002   PAD
    0x08002550   0x00000070   Code   RO         2190    i.TIM_OC1_SetConfig  stm32f4xx_hal_tim.o
    0x080025c0   0x0000007c   Code   RO         2191    i.TIM_OC2_SetConfig  stm32f4xx_hal_tim.o
    0x0800263c   0x00000078   Code   RO         2192    i.TIM_OC3_SetConfig  stm32f4xx_hal_tim.o
    0x080026b4   0x00000054   Code   RO         2193    i.TIM_OC4_SetConfig  stm32f4xx_hal_tim.o
    0x08002708   0x00000368   Code   RO         2827    i.UART_SetConfig    stm32f4xx_hal_uart.o
    0x08002a70   0x00000010   Code   RO          773    i.USART1_IRQHandler  bsp_uart_fifo.o
    0x08002a80   0x000000f6   Code   RO          775    i.UartIRQ           bsp_uart_fifo.o
    0x08002b76   0x00000092   Code   RO          776    i.UartSend          bsp_uart_fifo.o
    0x08002c08   0x00000040   Code   RO          778    i.UartVarInit       bsp_uart_fifo.o
    0x08002c48   0x00000004   Code   RO          951    i.UsageFault_Handler  stm32f4xx_it.o
    0x08002c4c   0x00000020   Code   RO         4197    i.__0printf$8       mc_w.l(printf8.o)
    0x08002c6c   0x00000010   Code   RO         1679    i.__NVIC_GetPriorityGrouping  stm32f4xx_hal_cortex.o
    0x08002c7c   0x00000028   Code   RO         1680    i.__NVIC_SetPriority  stm32f4xx_hal_cortex.o
    0x08002ca4   0x0000000e   Code   RO         4291    i.__scatterload_copy  mc_w.l(handlers.o)
    0x08002cb2   0x00000002   Code   RO         4292    i.__scatterload_null  mc_w.l(handlers.o)
    0x08002cb4   0x0000000e   Code   RO         4293    i.__scatterload_zeroinit  mc_w.l(handlers.o)
    0x08002cc2   0x00000006   Code   RO          578    i.__set_PRIMASK     bsp_timer.o
    0x08002cc8   0x00000006   Code   RO          779    i.__set_PRIMASK     bsp_uart_fifo.o
    0x08002cce   0x00000002   PAD
    0x08002cd0   0x00000410   Code   RO         4204    i._printf_core      mc_w.l(printf8.o)
    0x080030e0   0x00000024   Code   RO         4205    i._printf_post_padding  mc_w.l(printf8.o)
    0x08003104   0x0000002e   Code   RO         4206    i._printf_pre_padding  mc_w.l(printf8.o)
    0x08003132   0x00000002   PAD
    0x08003134   0x00000034   Code   RO          580    i.bsp_CheckTimer    bsp_timer.o
    0x08003168   0x00000028   Code   RO         1008    i.bsp_ConfigGpioOut  bsp_tim_pwm.o
    0x08003190   0x00000038   Code   RO         1009    i.bsp_ConfigTimGpio  bsp_tim_pwm.o
    0x080031c8   0x000000cc   Code   RO          363    i.bsp_DetectKey     bsp_key.o
    0x08003294   0x000000dc   Code   RO         1010    i.bsp_GetAFofTIM    bsp_tim_pwm.o
    0x08003370   0x00000034   Code   RO          364    i.bsp_GetKey        bsp_key.o
    0x080033a4   0x00000002   Code   RO          308    i.bsp_Idle          bsp.o
    0x080033a6   0x00000028   Code   RO          309    i.bsp_Init          bsp.o
    0x080033ce   0x00000002   PAD
    0x080033d0   0x0000002c   Code   RO         1091    i.bsp_InitAD7606    bsp_fmc_ad7606.o
    0x080033fc   0x00000024   Code   RO          704    i.bsp_InitExtIO     bsp_fmc_io.o
    0x08003420   0x000000c4   Code   RO          584    i.bsp_InitHardTimer  bsp_timer.o
    0x080034e4   0x0000000c   Code   RO          367    i.bsp_InitKey       bsp_key.o
    0x080034f0   0x000000d4   Code   RO          368    i.bsp_InitKeyHard   bsp_key.o
    0x080035c4   0x00000078   Code   RO          369    i.bsp_InitKeyVar    bsp_key.o
    0x0800363c   0x0000001c   Code   RO          464    i.bsp_InitLed       bsp_led.o
    0x08003658   0x000000a8   Code   RO          585    i.bsp_InitTimer     bsp_timer.o
    0x08003700   0x00000010   Code   RO          780    i.bsp_InitUart      bsp_uart_fifo.o
    0x08003710   0x00000016   Code   RO          370    i.bsp_KeyScan10ms   bsp_key.o
    0x08003726   0x0000003c   Code   RO          466    i.bsp_LedOff        bsp_led.o
    0x08003762   0x00000002   PAD
    0x08003764   0x00000020   Code   RO          372    i.bsp_PutKey        bsp_key.o
    0x08003784   0x000001d8   Code   RO         1011    i.bsp_RCC_GPIO_Enable  bsp_tim_pwm.o
    0x0800395c   0x000002a4   Code   RO         1013    i.bsp_RCC_TIM_Enable  bsp_tim_pwm.o
    0x08003c00   0x0000000c   Code   RO          310    i.bsp_RunPer10ms    bsp.o
    0x08003c0c   0x00000002   Code   RO          311    i.bsp_RunPer1ms     bsp.o
    0x08003c0e   0x00000002   PAD
    0x08003c10   0x00000024   Code   RO          373    i.bsp_SetKeyParam   bsp_key.o
    0x08003c34   0x000001a4   Code   RO         1014    i.bsp_SetTIMOutPWM  bsp_tim_pwm.o
    0x08003dd8   0x00000058   Code   RO          781    i.bsp_SetUartParam  bsp_uart_fifo.o
    0x08003e30   0x0000001c   Code   RO          586    i.bsp_SoftTimerDec  bsp_timer.o
    0x08003e4c   0x0000009c   Code   RO          587    i.bsp_StartAutoTimer  bsp_timer.o
    0x08003ee8   0x0000002e   Code   RO          785    i.comSendBuf        bsp_uart_fifo.o
    0x08003f16   0x00000010   Code   RO          786    i.comSendChar       bsp_uart_fifo.o
    0x08003f26   0x00000012   Code   RO          790    i.fputc             bsp_uart_fifo.o
    0x08003f38   0x00000238   Code   RO            7    i.main              main.o
    0x08004170   0x00000040   Data   RO          375    .constdata          bsp_key.o
    0x080041b0   0x00000030   Data   RO          592    .constdata          bsp_timer.o
    0x080041e0   0x0000000e   Data   RO         1016    .constdata          bsp_tim_pwm.o
    0x080041ee   0x00000018   Data   RO         3915    .constdata          system_stm32f4xx.o
    0x08004206   0x00000002   PAD
    0x08004208   0x00000020   Data   RO         4289    Region$$Table       anon$$obj.o


    Execution Region RW_IRAM1 (Base: 0x20000000, Size: 0x000031d0, Max: 0x00030000, ABSOLUTE)

    Base Addr    Size         Type   Attr      Idx    E Section Name        Object

    0x20000000   0x0000001e   Data   RW          593    .data               bsp_timer.o
    0x2000001e   0x00000002   PAD
    0x20000020   0x00000004   Data   RW          706    .data               bsp_fmc_io.o
    0x20000024   0x00000009   Data   RW         1289    .data               stm32f4xx_hal.o
    0x2000002d   0x00000003   PAD
    0x20000030   0x00000004   Data   RW         3916    .data               system_stm32f4xx.o
    0x20000034   0x00000004   Data   RW         3955    .data               segger_hardfaulthandler.o
    0x20000038   0x00000004   Data   RW         4265    .data               mc_w.l(stdout.o)
    0x2000003c   0x00001020   Zero   RW            8    .bss                main.o
    0x2000105c   0x000000ad   Zero   RW          374    .bss                bsp_key.o
    0x20001109   0x00000001   PAD
    0x2000110a   0x0000000e   Zero   RW          519    .bss                bsp_beep.o
    0x20001118   0x00000030   Zero   RW          591    .bss                bsp_timer.o
    0x20001148   0x0000082c   Zero   RW          791    .bss                bsp_uart_fifo.o
    0x20001974   0x0000101a   Zero   RW         1092    .bss                bsp_fmc_ad7606.o
    0x2000298e   0x00000002   PAD
    0x20002990   0x00000040   Zero   RW         3954    .bss                segger_hardfaulthandler.o
    0x200029d0   0x00000800   Zero   RW         1250    STACK               startup_stm32f429xx.o


==============================================================================

Image component sizes


      Code (inc. data)   RO Data    RW Data    ZI Data      Debug   Object Name

       300         32          0          0          0       3503   bsp.o
       224         18          0          0         14       1309   bsp_beep.o
      1280        144          0          0       4122      10277   bsp_fmc_ad7606.o
       544         82          0          4          0       3109   bsp_fmc_io.o
       860         40         64          0        173       7036   bsp_key.o
        88          0          0          0          0       1095   bsp_led.o
      1884        292         14          0          0       6179   bsp_tim_pwm.o
       946        190         48         30         48      43049   bsp_timer.o
      1082        120          0          0       2092      11721   bsp_uart_fifo.o
       736        598          0          0          0       1190   disp.o
        18          0          0          0          0        372   hardfaulthandler.o
      1016        348          0          0       4128     766735   main.o
       264         62          0          4         64       3507   segger_hardfaulthandler.o
        36          8        428          0       2048        988   startup_stm32f429xx.o
       186         36          0          9          0     767272   stm32f4xx_hal.o
       304         22          0          0          0      34947   stm32f4xx_hal_cortex.o
       580         58          0          0          0       3295   stm32f4xx_hal_gpio.o
      1732         84          0          0          0       6120   stm32f4xx_hal_rcc.o
        90          0          0          0          0       2019   stm32f4xx_hal_sram.o
      1264         90          0          0          0      12179   stm32f4xx_hal_tim.o
       988          8          0          0          0       2703   stm32f4xx_hal_uart.o
        20          0          0          0          0       3364   stm32f4xx_it.o
       286         10          0          0          0       3124   stm32f4xx_ll_fmc.o
       100         18         24          4          0       1635   system_stm32f4xx.o

    ----------------------------------------------------------------------
     14850       2260        612         56      12692    1696728   Object Totals
         0          0         32          0          0          0   (incl. Generated)
        22          0          2          5          3          0   (incl. Padding)

    ----------------------------------------------------------------------

      Code (inc. data)   RO Data    RW Data    ZI Data      Debug   Library Member Name

         0          0          0          0          0          0   entry.o
         0          0          0          0          0          0   entry10a.o
         0          0          0          0          0          0   entry11a.o
         8          4          0          0          0          0   entry2.o
         4          0          0          0          0          0   entry5.o
         0          0          0          0          0          0   entry7b.o
         0          0          0          0          0          0   entry8b.o
         8          4          0          0          0          0   entry9a.o
        30          0          0          0          0          0   handlers.o
        36          8          0          0          0         68   init.o
        30          0          0          0          0         68   llshl.o
        32          0          0          0          0         68   llushr.o
        36          0          0          0          0         68   memcpya.o
        36          0          0          0          0        108   memseta.o
      1154         54          0          0          0        352   printf8.o
         0          0          0          4          0          0   stdout.o
        98          0          0          0          0         92   uldiv.o

    ----------------------------------------------------------------------
      1474         70          0          4          0        824   Library Totals
         2          0          0          0          0          0   (incl. Padding)

    ----------------------------------------------------------------------

      Code (inc. data)   RO Data    RW Data    ZI Data      Debug   Library Name

      1472         70          0          4          0        824   mc_w.l

    ----------------------------------------------------------------------
      1474         70          0          4          0        824   Library Totals

    ----------------------------------------------------------------------

==============================================================================


      Code (inc. data)   RO Data    RW Data    ZI Data      Debug   

     16324       2330        612         60      12692    1685592   Grand Totals
     16324       2330        612         60      12692    1685592   ELF Image Totals
     16324       2330        612         60          0          0   ROM Totals

==============================================================================

    Total RO  Size (Code + RO Data)                16936 (  16.54kB)
    Total RW  Size (RW Data + ZI Data)             12752 (  12.45kB)
    Total ROM Size (Code + RO Data + RW Data)      16996 (  16.60kB)

==============================================================================

